%
% Washington Romanized Indic font map file
%
% File       : wnindic.map
% Author     : Thomas Ridgeway <ridgeway@u.washington.edu>
% Date       : May 19 1992
%
% Updated by : Anshuman Pandey <apandey@u.washington.edu>
% On         : 18 Feb 1998
%
% Copyright 1992 Humanities and Arts Computing Center, University of 
% Washington. Licensed to the public according to the terms of the 
% Free Software Foundation General Public License.
%
% WNRI is based on Computer Modern Roman Bold and encoded according 
% to the Classical Sanskrit/Classical Sanskrit eXtended character set. 
%

cdil.C := 128 ;          %  cedilla C : HACC extended CSX
uml.u := 129 ;           %  umlaut u : HACC extended CSX
acute.e := 130 ;         %  acute e : HACC extended CSX
ubar.k := 131 ;          %  underbar k : HACC extended CSX
uml.a := 132 ;           %  umlaut a : HACC extended CSX
grave.a := 133 ;         %  grave a : HACC extended CSX
odot.g := 134 ;          %  overdot g : HACC extended CSX
cdil.c := 135 ;          %  cedilla c : HACC extended CSX
ubar.h := 136 ;          %  underbar h : HACC extended CSX
uml.e := 137 ;           %  umlaut e : HACC extended CSX
grave.e := 138 ;         %  grave e : HACC extended CSX
uml.i := 139 ;           %  umlaut i : HACC extended CSX
uuml.L := 140 ;          %  underumlaut L : HACC extended CSX
grave.i := 141 ;         %  grave i : HACC extended CSX
uml.A := 142 ;           %  umlaut A : HACC extended CSX
odot.G := 143 ;          %  overdot G : HACC extended CSX
acute.E := 144 ;         %  acute E : HACC extended CSX
plain.ae := 145 ;        %  plain aesc : HACC extended CSX
plain.AE := 146 ;        %  plain Aesc : HACC extended CSX
ubar.K := 147 ;          %  underbar K : HACC extended CSX
uml.o := 148 ;           %  umlaut o : HACC extended CSX
grave.o := 149 ;         %  grave o : HACC extended CSX
odot.A := 150 ;          %  overdot A : HACC extended CSX
grave.u := 151 ;         %  grave u : HACC extended CSX
uuml.R := 152 ;          %  underumlaut R : HACC extended CSX
uml.O := 153 ;           %  umlaut O : HACC extended CSX
uml.U := 154 ;           %  umlaut U : HACC extended CSX
macron.e := 155 ;        %  macron e : HACC extended CSX
macron.E := 156 ;        %  macron E : HACC extended CSX
macron.o := 157 ;        %  macron o : HACC extended CSX
macron.O := 158 ;        %  macron O : HACC extended CSX
ubar.r := 159 ;          %  underbar r : CSX
acute.a := 160 ;         %  acute a : HACC extended CSX
acute.i := 161 ;         %  acute i : HACC extended CSX
acute.o := 162 ;         %  acute o : HACC extended CSX
acute.u := 163 ;         %  acute u : HACC extended CSX
tild.n := 164 ;          %  tilde n : HACC extended CSX
tild.N := 165 ;          %  tilde N : HACC extended CSX
tild.l := 166 ;          %  tilde l : CSX
odot.m := 167 ;          %  overdot m : CSX
mcbrv.a := 168 ;         %  macron breve a : CSX
mcbrv.i := 169 ;         %  macron breve i : CSX
mcbrv.u := 170 ;         %  macron breve u : CSX
hach.z := 171 ;          %  hachek z : HACC extended CSX
hach.Z := 172 ;          %  hachek Z : HACC extended CSX
ubar.n := 173 ;          %  underbar n : CSX
udot.k := 174 ;          %  underdot k : HACC extended CSX
udot.K := 175 ;          %  underdot K : HACC extended CSX
hach.c := 176 ;          %  hachek c : HACC extended CSX
hach.C := 177 ;          %  hachek C : HACC extended CSX
hach.s := 178 ;          %  hachek s : HACC extended CSX
uuml.r := 179 ;          %  underumlaut r : HACC extended CSX
ubar.t := 180 ;          %  underbar t : HACC extended CSX
baract.a := 181 ;        %  macron acute a : CSX
bargrv.a := 182 ;        %  macron grave a : CSX
baract.i := 183 ;        %  macron acute i : CSX
bargrv.i := 184 ;        %  macron grave i : CSX
ubar.D := 185 ;          %  underbar D : HACC extended CSX
ubar.S := 186 ;          %  underbar S : HACC extended CSX
ubar.T := 187 ;          %  underbar T : HACC extended CSX
ubar.Z := 188 ;          %  underbar Z : HACC extended CSX
baract.u := 189 ;        %  macron acute u : CSX
bargrv.u := 190 ;        %  macron grave u : CSX
bindu.m := 191 ;         %  candrabindu m : HACC extended CSX
mcbrv.e := 192 ;         %  macron breve e : HACC extended CSX
mcbrv.o := 193 ;         %  macron breve o : HACC extended CSX
plain.lgam := 194 ;      %  plain gamma : HACC extended CSX
ubrv.H := 195 ;          %  underbreve H : HACC extended CSX
ubar.d := 196 ;          %  underbar d : HACC extended CSX
uuml.l := 197 ;          %  underumlaut l : HACC extended CSX
udac.r := 198 ;          %  underdot acute r : CSX
udgr.r := 199 ;          %  underdot grave r : CSX
odot.Y := 200 ;          %  overdot Y : HACC extended CSX
ubar.z := 201 ;          %  underbar z : HACC extended CSX
ubar.s := 202 ;          %  underbar s : HACC extended CSX
ubar.N := 203 ;          %  underbar N : HACC extended CSX
ubar.L := 204 ;          %  underbar L : HACC extended CSX
odot.y := 205 ;          %  overdot y : HACC extended CSX
ubar.R := 206 ;          %  underbar R : HACC extended CSX
muda.r := 207 ;          %  macron acute underdot r : CSX
tild.a := 208 ;          %  tilde a : CSX
tild.i := 209 ;          %  tilde i : CSX
tild.u := 210 ;          %  tilde u : CSX
tild.e := 211 ;          %  tilde e : CSX
tild.o := 212 ;          %  tilde o : CSX
brev.e := 213 ;          %  breve e : CSX
brev.o := 214 ;          %  breve o : CSX
ubar.l := 215 ;          %  underbar l : CSX
plain.CGam := 216 ;      %  plain Gamma : HACC extended CSX
odot.a := 217 ;          %  overdot a : HACC extended CSX
udot.z := 218 ;          %  underdot z : HACC extended CSX
hach.S := 219 ;          %  hachek S : HACC extended CSX
hach.j := 220 ;          %  hachek j : HACC extended CSX
udot.Z := 221 ;          %  underdot Z : HACC extended CSX
ubrv.h := 222 ;          %  underbreve h : HACC extended CSX
hach.J := 223 ;          %  hachek J : HACC extended CSX
macron.a := 224 ;        %  macron a : CSX
plain.eszett := 225 ;    %  plain eszett : HACC extended CSX
macron.A := 226 ;        %  macron A : CSX
macron.i := 227 ;        %  macron i : CSX
macron.I := 228 ;        %  macron I : CSX
macron.u := 229 ;        %  macron u : CSX
macron.U := 230 ;        %  macron U : CSX
udot.r := 231 ;          %  underdot r : CSX
udot.R := 232 ;          %  underdot R : CSX
udmc.r := 233 ;          %  underdot macron r : CSX
udmc.R := 234 ;          %  underdot macron R : CSX
udot.l := 235 ;          %  underdot l : CSX
udot.L := 236 ;          %  underdot L : CSX
udmc.l := 237 ;          %  underdot macron l : CSX
udmc.L := 238 ;          %  underdot macron L : CSX
odot.n := 239 ;          %  overdot n : CSX
odot.N := 240 ;          %  overdot N : CSX
udot.t := 241 ;          %  underdot t : CSX
udot.T := 242 ;          %  underdot T : CSX
udot.d := 243 ;          %  underdot d : CSX
udot.D := 244 ;          %  underdot D : CSX
udot.n := 245 ;          %  underdot n : CSX
udot.N := 246 ;          %  underdot N : CSX
acute.s := 247 ;         %  acute s : CSX
acute.S := 248 ;         %  acute S : CSX
udot.s := 249 ;          %  underdot s : CSX
udot.S := 250 ;          %  underdot S : CSX
plain.rootsign := 251 ;  %  plain rootsign : HACC extended CSX
udot.m := 252 ;          %  underdot m : CSX
udot.M := 253 ;          %  underdot M : CSX
udot.h := 254 ;          %  underdot h : CSX
udot.H := 255 ;          %  underdot H : CSX
