% Copyright (c) 2003-2005 Han The Thanh, (Public domain)

ma1r8v ArialMT " T5DEncoding ReEncodeFont " <t5d.enc <arial.ttf
ma1b8v Arial-BoldMT " T5DEncoding ReEncodeFont " <t5d.enc <arialbd.ttf
ma1ri8v Arial-ItalicMT " T5DEncoding ReEncodeFont " <t5d.enc <ariali.ttf
ma1bi8v Arial-BoldItalicMT " T5DEncoding ReEncodeFont " <t5d.enc <arialbi.ttf
mcrr8v CourierNewPSMT " T5DEncoding ReEncodeFont " <t5d.enc <cour.ttf
mcrb8v CourierNewPS-BoldMT " T5DEncoding ReEncodeFont " <t5d.enc <courbd.ttf
mcrri8v CourierNewPS-ItalicMT " T5DEncoding ReEncodeFont " <t5d.enc <couri.ttf
mcrbi8v CourierNewPS-BoldItalicMT " T5DEncoding ReEncodeFont " <t5d.enc <courbi.ttf
lprr8v PalatinoLinotype-Roman " T5UniEncoding ReEncodeFont " <t5uni.enc <pala.ttf
lprb8v PalatinoLinotype-Bold " T5UniEncoding ReEncodeFont " <t5uni.enc <palab.ttf
lprri8v PalatinoLinotype-Italic " T5UniEncoding ReEncodeFont " <t5uni.enc <palai.ttf
lprbi8v PalatinoLinotype-BoldItalic " T5UniEncoding ReEncodeFont " <t5uni.enc <palabi.ttf
mnsr8v TimesNewRomanPSMT " T5DEncoding ReEncodeFont " <t5d.enc <times.ttf
mnsb8v TimesNewRomanPS-BoldMT " T5DEncoding ReEncodeFont " <t5d.enc <timesbd.ttf
mnsri8v TimesNewRomanPS-ItalicMT " T5DEncoding ReEncodeFont " <t5d.enc <timesi.ttf
mnsbi8v TimesNewRomanPS-BoldItalicMT " T5DEncoding ReEncodeFont " <t5d.enc <timesbi.ttf
jthr8v Tahoma " T5DEncoding ReEncodeFont " <t5d.enc <tahoma.ttf
jthb8v Tahoma-Bold " T5DEncoding ReEncodeFont " <t5d.enc <tahomabd.ttf
jvnr8v Verdana " T5DEncoding ReEncodeFont " <t5d.enc <verdana.ttf
jvnb8v Verdana-Bold " T5DEncoding ReEncodeFont " <t5d.enc <verdanab.ttf
jvnri8v Verdana-Italic " T5DEncoding ReEncodeFont " <t5d.enc <verdanai.ttf
jvnbi8v Verdana-BoldItalic " T5DEncoding ReEncodeFont " <t5d.enc <verdanaz.ttf
