% \iffalse meta-comment
%
% Copyright 2006      Youssef Jabri
% 
% 
% This file is part of the `Arabi' system.
% -------------------------------------------
% 
% It may be distributed and/or modified under the
% conditions of the LaTeX Project Public License, either version 1.3b
% of this license or (at your option) any later version.
% The latest version of this license is in
%    http://www.latex-project.org/lppl.txt
% and version 1.3b or later is part of all distributions of LaTeX 
% version 2005/12/01 or later.
% 
% This file has the LPPL maintenance status "maintained".
% 
% 
% \fi
%
% Filename: `psfonts.map' Font map correspondance between TFMs and real (actually .PFB)
% fonts used by the Arabi package.
%
%%%%%%%%%%%%%%%%%%%%%%%%%%%%%%%%%%%%%%%%%%%%%%%%%%%%%%%%%%%%
%%%%%%%%%%%%%%%%%%%%%%% Arabic Fonts %%%%%%%%%%%%%%%%%%%%%%%
%%%%%%%%%%%%%%%%%%%%%%%%%%%%%%%%%%%%%%%%%%%%%%%%%%%%%%%%%%%%
%%%%%%%%%%%%%%%%% Microsoft (Arabic) fonts %%%%%%%%%%%%%%%%%
andlso Andalus " MonotypeArabicEncoding ReEncodeFont " <armonotype.enc <andlso.pfb
ararial ArialMT " UnicodeGlyphNamesArabicEncoding ReEncodeFont " <arunicode.enc <arial.pfb
ararialbd Arial-BoldMT " UnicodeGlyphNamesArabicEncoding ReEncodeFont " <arunicode.enc <arialbd.pfb
arcour CourierNewPSMT " UnicodeGlyphNamesArabicEncoding ReEncodeFont " <arunicode.enc <cour.pfb
arcourbd CourierNewPS-BoldMT " UnicodeGlyphNamesArabicEncoding ReEncodeFont " <arunicode.enc <courbd.pfb
arsimpbdo SimplifiedArabic-Bold " SimplifiedArabicEncoding ReEncodeFont " <arsimplified.enc <simpbdo.pfb
arsimpo SimplifiedArabic " SimplifiedArabicEncoding ReEncodeFont " <arsimplified.enc <simpo.pfb
artimes TimesNewRomanPSMT " UnicodeGlyphNamesArabicEncoding ReEncodeFont " <arunicode.enc <times.pfb
artimesbd TimesNewRomanPS-BoldMT " UnicodeGlyphNamesArabicEncoding ReEncodeFont " <arunicode.enc <timesbd.pfb
traditionalarabic TraditionalArabic  "  MonotypeArabicEncoding ReEncodeFont  " <armonotype.enc <trado.pfb
traditionalarabicbold TraditionalArabic-Bold " MonotypeArabicEncoding ReEncodeFont " <armonotype.enc <tradbdo.pfb
%%%%%%%%%% Decotype (Microsoft Office Arabic) fonts %%%%%%%%%
dthuluth DecoTypeThuluth " DTPThuluthArabicEncoding ReEncodeFont " <ardtpthuluth.enc <dthuluth.pfb
dtpn DecoType-ProfessionalNaskhSpecialEmSpace " DTPNaskArabicEncoding ReEncodeFont " <ardtpnaskh.enc <dtpn0.pfb
dtpnsp DecoType-ProfessionalNaskhSupplement5Phrases " DTPNaskArabicEncoding ReEncodeFont " <ardtpnaskh.enc <dtpn5.pfb
%%%%%%%%%%%%%%% Arabeyes Arabic GNU fonts %%%%%%%%%%%%%%%%%%
aealbattar ae_AlBattar " ArabeyesArabicEncoding ReEncodeFont " <ararabeyes.enc <ae_albattar.pfb
aealmateen ae_AlMateen " ArabeyesArabicEncoding ReEncodeFont " <ararabeyes.enc <ae_almateen.pfb
aealmohanadb ae_AlMohanadBold " ArabeyesArabicEncoding ReEncodeFont " <ararabeyes.enc <ae_almohanad_bold.pfb
aealmothnna ae_AlMothnna " ArabeyesArabicEncoding ReEncodeFont " <ararabeyes.enc <ae_almothnna.pfb
aealyermook ae_AlYermook " ArabeyesArabicEncoding ReEncodeFont " <ararabeyes.enc <ae_alyermook.pfb
aearab ae_Arab " ArabeyesArabicEncoding ReEncodeFont " <ararabeyes.enc <ae_arab.pfb
aecortoba ae_Cortoba " ArabeyesArabicEncoding ReEncodeFont " <ararabeyes.enc <ae_cortoba.pfb
aedimnah ae_Dimnah " ArabeyesArabicEncoding ReEncodeFont " <ararabeyes.enc <ae_dimnah.pfb
aefurat ae_Furat " ArabeyesArabicEncoding ReEncodeFont " <ararabeyes.enc <ae_furat.pfb
aegranada ae_Granada " ArabeyesArabicEncoding ReEncodeFont " <ararabeyes.enc <ae_granada.pfb
aegraph ae_Graph " ArabeyesArabicEncoding ReEncodeFont " <ararabeyes.enc <ae_graph.pfb
aehani ae_Hani " ArabeyesArabicEncoding ReEncodeFont " <ararabeyes.enc <ae_hani.pfb
aehor ae_Hor " ArabeyesArabicEncoding ReEncodeFont " <ararabeyes.enc <ae_hor.pfb
aekayrawan ae_Kayrawan " ArabeyesArabicEncoding ReEncodeFont " <ararabeyes.enc <ae_kayrawan.pfb
aekhalid ae_Khalid " ArabeyesArabicEncoding ReEncodeFont " <ararabeyes.enc <ae_khalid.pfb
aemashq ae_Mashq " ArabeyesArabicEncoding ReEncodeFont " <ararabeyes.enc <ae_mashq.pfb
aemetal ae_Metal " ArabeyesArabicEncoding ReEncodeFont " <ararabeyes.enc <ae_metal.pfb
aenada ae_Nada " ArabeyesArabicEncoding ReEncodeFont " <ararabeyes.enc <ae_nada.pfb
aenagham ae_Nagham " ArabeyesArabicEncoding ReEncodeFont " <ararabeyes.enc <ae_nagham.pfb
aenice ae_Nice " ArabeyesArabicEncoding ReEncodeFont " <ararabeyes.enc <ae_nice.pfb
aeostorah ae_Ostorah " ArabeyesArabicEncoding ReEncodeFont " <ararabeyes.enc <ae_ostorah.pfb
aeouhod ae_Ouhod " ArabeyesArabicEncoding ReEncodeFont " <ararabeyes.enc <ae_ouhod.pfb
aepetra ae_Petra " ArabeyesArabicEncoding ReEncodeFont " <ararabeyes.enc <ae_petra.pfb
aerehan ae_Rehan " ArabeyesArabicEncoding ReEncodeFont " <ararabeyes.enc <ae_rehan.pfb
aesalem ae_Salem " ArabeyesArabicEncoding ReEncodeFont " <ararabeyes.enc <ae_salem.pfb
aeshado ae_Shado " ArabeyesArabicEncoding ReEncodeFont " <ararabeyes.enc <ae_shado.pfb
aesharjah ae_Sharjah " ArabeyesArabicEncoding ReEncodeFont " <ararabeyes.enc <ae_sharjah.pfb
aesindibad ae_Sindibad " ArabeyesArabicEncoding ReEncodeFont " <ararabeyes.enc <ae_sindibad.pfb
aetarablus ae_Tarablus " ArabeyesArabicEncoding ReEncodeFont " <ararabeyes.enc <ae_tarablus.pfb
aetholoth ae_Tholoth " ArabeyesArabicEncoding ReEncodeFont " <ararabeyes.enc <ae_tholoth.pfb
%
aealmohanadbolditalic ae_AlMohanadBoldItalic " ArabeyesArabicEncoding ReEncodeFont " <ararabeyes.enc <ae_AlMohanad_boldItalic.pfb
ae_almohanad_xxbold ae_AlMohanadExtraBold2 " ArabeyesArabicEncoding ReEncodeFont " <ararabeyes.enc <ae_AlMohanad_xxbold.pfb
%
kacstbook KacstBook " ArabeyesArabicEncoding ReEncodeFont " <ararabeyes.enc <kacstbook.pfb
kacstbookbold KacstBookBold " ArabeyesArabicEncoding ReEncodeFont " <ararabeyes.enc <kacstbookbold.pfb
kacstbookitalic KacstBookItalic " ArabeyesArabicEncoding ReEncodeFont " <ararabeyes.enc <kacstbookitalic.pfb
kacstbookbolditalic KacstBookBoldItalic " ArabeyesArabicEncoding ReEncodeFont " <ararabeyes.enc <kacstbookbolditalic.pfb
%%%%%%%%%%%%%%%%%%%%%%%% Omega Arabic %%%%%%%%%%%%%%%%%%%%%%
aromega OmegaSerifArabicOne " OmegaArabicEncoding ReEncodeFont " <aromega.enc <omsea1.pfb
aromegab OmegaSerifArabicOne-Bold " OmegaArabicEncoding ReEncodeFont " <aromega.enc <omsea1b.pfb
%%%%%%%%%%%%%%%%%%%%%%%%%%%%%%%%%%%%%%%%%%%%%%%%%%%%%%%%%%%%
%%%%%%%%%%%%%%%%%%%%%% Farsi Fonts %%%%%%%%%%%%%%%%%%%%%%%%%
%%%%%%%%%%%%%%%%%%%%%%%%%%%%%%%%%%%%%%%%%%%%%%%%%%%%%%%%%%%%
%%%%%%%%%%%%%%%% Microsoft (Arabic) fonts %%%%%%%%%%%%%%%%%%
fandlso Andalus " MonotypeFarsiEncoding ReEncodeFont " <frmonotype.enc <andlso.pfb
frarial ArialMT " UnicodeGlyphNamesFarsiEncoding ReEncodeFont " <frunicode.enc <arial.pfb
frarialb Arial-BoldMT " UnicodeGlyphNamesFarsiEncoding ReEncodeFont " <frunicode.enc <arialbd.pfb
frsimpbdo SimplifiedArabic-Bold " SimplifiedFarsiEncoding ReEncodeFont " <frsimplified.enc <simpbdo.pfb
frsimpo SimplifiedArabic " SimplifiedFarsiEncoding ReEncodeFont " <frsimplified.enc <simpo.pfb
frsspbl FarsiSimpleBold " FarsisimpleEncoding ReEncodeFont " <frsimple.enc <frsspbl.pfb
frsspout FarsiSimpleOutline " FarsisimpleEncoding ReEncodeFont " <frSimple.enc <frsspout.pfb
frtimes TimesNewRomanPSMT " UnicodeGlyphNamesFarsiEncoding ReEncodeFont " <frunicode.enc <times.pfb
frtimesbd TimesNewRomanPS-BoldMT " UnicodeGlyphNamesFarsiEncoding ReEncodeFont " <frunicode.enc <timesbd.pfb
ftraditionalarabic TraditionalArabic " MonotypeFarsiEncoding ReEncodeFont " <frmonotype.enc <trado.pfb
ftraditionalarabicbold TraditionalArabic-Bold " MonotypeFarsiEncoding ReEncodeFont " <frmonotype.enc <tradbdo.pfb
%%%%%%%%%%%%%%%%%%%% FarsiWeb GNU fonts %%%%%%%%%%%%%%%%%%%%
%nazlibout Nazli-Bold " FarsiWebEncoding ReEncodeFont /PaintType 2 store" <farsiwebencoding.enc <nazlib.pfb
%nazliout Nazli "FarsiWebEncoding ReEncodeFont /PaintType 2 store" <farsiwebencoding.enc <nazli.pfb
%titrout Titr-Bold " FarsiWebEncoding ReEncodeFont /PaintType 2 store" <farsiwebencoding.enc <titr.pfb
elham Elham " FarsiWebEncoding ReEncodeFont " <farsiwebencoding.enc <elham.pfb
homa Homa " FarsiWebEncoding ReEncodeFont " <farsiwebencoding.enc <homa.pfb
koodak Koodak " FarsiWebEncoding ReEncodeFont " <farsiwebencoding.enc <koodak.pfb
nazli Nazli " FarsiWebEncoding ReEncodeFont " <farsiwebencoding.enc <nazli.pfb
nazlib Nazli-Bold " FarsiWebEncoding ReEncodeFont " <farsiwebencoding.enc <nazlib.pfb
roya Roya " FarsiWebEncoding ReEncodeFont " <farsiwebencoding.enc <roya.pfb
royab Roya-Bold " FarsiWebEncoding ReEncodeFont " <farsiwebencoding.enc <royab.pfb
terafik Terafik " FarsiWebEncoding ReEncodeFont " <farsiwebencoding.enc <terafik.pfb
terafikb Terafik-Bold " FarsiWebEncoding ReEncodeFont " <farsiwebencoding.enc <terafikb.pfb
titr Titr-Bold " FarsiWebEncoding ReEncodeFont " <farsiwebencoding.enc <titr.pfb
%%%%%%%%%%%%%%%%%%%%%%%%%%%%%%%%%%%%%%%%%%%%%%%%%%%%%%%%%%%%
%%%%%%%%%%% Experimental fonts (Mine in general) %%%%%%%%%%%
%%%%%%%%%%%%%%%%%%%%%%%%%%%%%%%%%%%%%%%%%%%%%%%%%%%%%%%%%%%%
maghribi1 maghribi " OmegaArabicEncoding ReEncodeFont " <aromega.enc < maghribi1.pfb
myreqaa reqaa " ArabeyesArabicEncoding ReEncodeFont " <ararabeyes.enc <myreqaa.pfb
naskhi Naskhi " ArabeyesArabicEncoding ReEncodeFont " <ararabeyes.enc <naskhi.pfb
asv ASVCodar " ArabeyesArabicEncoding ReEncodeFont " <ararabeyes.enc <asv.pfb
asv-bold ASVCodar-Bold " ArabeyesArabicEncoding ReEncodeFont " <ararabeyes.enc <asv-bold.pfb


%%%%%%%%%%%%%%%%%%%%%%%%%%%%%%%%%%%%%%%%%%%%%%%%%%%%%%%%%%%%
%%%%%%%%%%%%%%%%%%%%% ArabTeX fonts %%%%%%%%%%%%%%%%%%%%%%%%
%%%%%%%%%%%%%%%%%%%%%%%%%%%%%%%%%%%%%%%%%%%%%%%%%%%%%%%%%%%%
xnsh14 xnsh14 <xnsh14.pfb
xnsh14bf xnsh14bf <xnsh14bf.pfb



