aicmb10      CMB10      "AITeXTextEncoding ReEncodeFont" <aicmtext.enc <cmb10.pfb
aicmbsy10    CMBSY10    "AITeXMathSymbolsEncoding ReEncodeFont" <aicmsy.enc <cmbsy10.pfb
aicmbx10     CMBX10     "AITeXTextEncoding ReEncodeFont" <aicmtext.enc <cmbx10.pfb
aicmbx12     CMBX12     "AITeXTextEncoding ReEncodeFont" <aicmtext.enc <cmbx12.pfb
aicmbx5      CMBX5      "AITeXTextEncoding ReEncodeFont" <aicmtext.enc <cmbx5.pfb
aicmbx6      CMBX6      "AITeXTextEncoding ReEncodeFont" <aicmtext.enc <cmbx6.pfb
aicmbx7      CMBX7      "AITeXTextEncoding ReEncodeFont" <aicmtext.enc <cmbx7.pfb
aicmbx8      CMBX8      "AITeXTextEncoding ReEncodeFont" <aicmtext.enc <cmbx8.pfb
aicmbx9      CMBX9      "AITeXTextEncoding ReEncodeFont" <aicmtext.enc <cmbx9.pfb
aicmbxsl10   CMBXSL10   "AITeXTextEncoding ReEncodeFont" <aicmtext.enc <cmbxsl10.pfb
aicmbxti10   CMBXTI10   "AITeXItalicTextEncoding ReEncodeFont" <aicmitext.enc <cmbxti10.pfb
aicmcsc10    CMCSC10    "AITeXTextWithoutLigEncoding ReEncodeFont" <aicmtextf.enc <cmcsc10.pfb
aicmdunh10   CMDUNH10   "AITeXTextEncoding ReEncodeFont" <aicmtext.enc <cmdunh10.pfb
aicmex10     CMEX10     "AITeXMathExtensionEncoding ReEncodeFont" <aicmex.enc <cmex10.pfb
aicmff10     CMFF10     "AITeXTextEncoding ReEncodeFont" <aicmtext.enc <cmff10.pfb
aicmfi10     CMFI10     "AITeXItalicTextEncoding ReEncodeFont" <aicmitext.enc <cmfi10.pfb
aicmfib8     CMFIB8     "AITeXTextEncoding ReEncodeFont" <aicmtext.enc <cmfib8.pfb
aicminch     CMINCH     <cminch.pfb
aicmitt10    CMITT10    "AITeXItalicTypewriterTextEncoding ReEncodeFont" <aicmittext.enc <cmitt10.pfb
aicmmi10     CMMI10     "AITeXMathItalicEncoding ReEncodeFont" <aicmmi.enc <cmmi10.pfb
aicmmi12     CMMI12     "AITeXMathItalicEncoding ReEncodeFont" <aicmmi.enc <cmmi12.pfb
aicmmi5      CMMI5      "AITeXMathItalicEncoding ReEncodeFont" <aicmmi.enc <cmmi5.pfb
aicmmi6      CMMI6      "AITeXMathItalicEncoding ReEncodeFont" <aicmmi.enc <cmmi6.pfb
aicmmi7      CMMI7      "AITeXMathItalicEncoding ReEncodeFont" <aicmmi.enc <cmmi7.pfb
aicmmi8      CMMI8      "AITeXMathItalicEncoding ReEncodeFont" <aicmmi.enc <cmmi8.pfb
aicmmi9      CMMI9      "AITeXMathItalicEncoding ReEncodeFont" <aicmmi.enc <cmmi9.pfb
aicmmib10    CMMIB10    "AITeXMathItalicEncoding ReEncodeFont" <aicmmi.enc <cmmib10.pfb
aicmr10      CMR10      "AITeXTextEncoding ReEncodeFont" <aicmtext.enc <cmr10.pfb
aicmr12      CMR12      "AITeXTextEncoding ReEncodeFont" <aicmtext.enc <cmr12.pfb
aicmr17      CMR17      "AITeXTextEncoding ReEncodeFont" <aicmtext.enc <cmr17.pfb
aicmr5       CMR5       "AITeXTextWithoutLigEncoding ReEncodeFont" <aicmtextf.enc <cmr5.pfb
aicmr6       CMR6       "AITeXTextEncoding ReEncodeFont" <aicmtext.enc <cmr6.pfb
aicmr7       CMR7       "AITeXTextEncoding ReEncodeFont" <aicmtext.enc <cmr7.pfb
aicmr8       CMR8       "AITeXTextEncoding ReEncodeFont" <aicmtext.enc <cmr8.pfb
aicmr9       CMR9       "AITeXTextEncoding ReEncodeFont" <aicmtext.enc <cmr9.pfb
aicmsl10     CMSL10     "AITeXTextEncoding ReEncodeFont" <aicmtext.enc <cmsl10.pfb
aicmsl12     CMSL12     "AITeXTextEncoding ReEncodeFont" <aicmtext.enc <cmsl12.pfb
aicmsl8      CMSL8      "AITeXTextEncoding ReEncodeFont" <aicmtext.enc <cmsl8.pfb
aicmsl9      CMSL9      "AITeXTextEncoding ReEncodeFont" <aicmtext.enc <cmsl9.pfb
aicmsltt10   CMSLTT10   "AITeXTypewriterTextEncoding ReEncodeFont" <aicmttext.enc <cmsltt10.pfb
aicmss10     CMSS10     "AITeXTextEncoding ReEncodeFont" <aicmtext.enc <cmss10.pfb
aicmss12     CMSS12     "AITeXTextEncoding ReEncodeFont" <aicmtext.enc <cmss12.pfb
aicmss17     CMSS17     "AITeXTextEncoding ReEncodeFont" <aicmtext.enc <cmss17.pfb
aicmss8      CMSS8      "AITeXTextEncoding ReEncodeFont" <aicmtext.enc <cmss8.pfb
aicmss9      CMSS9      "AITeXTextEncoding ReEncodeFont" <aicmtext.enc <cmss9.pfb
aicmssbx10   CMSSBX10   "AITeXTextEncoding ReEncodeFont" <aicmtext.enc <cmssbx10.pfb
aicmssdc10   CMSSDC10   "AITeXTextEncoding ReEncodeFont" <aicmtext.enc <cmssdc10.pfb
aicmssi10    CMSSI10    "AITeXTextEncoding ReEncodeFont" <aicmtext.enc <cmssi10.pfb
aicmssi12    CMSSI12    "AITeXTextEncoding ReEncodeFont" <aicmtext.enc <cmssi12.pfb
aicmssi17    CMSSI17    "AITeXTextEncoding ReEncodeFont" <aicmtext.enc <cmssi17.pfb
aicmssi8     CMSSI8     "AITeXTextEncoding ReEncodeFont" <aicmtext.enc <cmssi8.pfb
aicmssi9     CMSSI9     "AITeXTextEncoding ReEncodeFont" <aicmtext.enc <cmssi9.pfb
aicmssq8     CMSSQ8     "AITeXTextEncoding ReEncodeFont" <aicmtext.enc <cmssq8.pfb
aicmssqi8    CMSSQI8    "AITeXTextEncoding ReEncodeFont" <aicmtext.enc <cmssqi8.pfb
aicmsy10     CMSY10     "AITeXMathSymbolsEncoding ReEncodeFont" <aicmsy.enc <cmsy10.pfb
aicmsy5      CMSY5      "AITeXMathSymbolsEncoding ReEncodeFont" <aicmsy.enc <cmsy5.pfb
aicmsy6      CMSY6      "AITeXMathSymbolsEncoding ReEncodeFont" <aicmsy.enc <cmsy6.pfb
aicmsy7      CMSY7      "AITeXMathSymbolsEncoding ReEncodeFont" <aicmsy.enc <cmsy7.pfb
aicmsy8      CMSY8      "AITeXMathSymbolsEncoding ReEncodeFont" <aicmsy.enc <cmsy8.pfb
aicmsy9      CMSY9      "AITeXMathSymbolsEncoding ReEncodeFont" <aicmsy.enc <cmsy9.pfb
aicmtcsc10   CMTCSC10   "AITeXTypewriterTextEncoding ReEncodeFont" <aicmttext.enc <cmtcsc10.pfb
aicmtex10    CMTEX10    "AITeXExtendedASCIIEncoding ReEncodeFont" <aicmtex.enc <cmtex10.pfb
aicmtex8     CMTEX8     "AITeXExtendedASCIIEncoding ReEncodeFont" <aicmtex.enc <cmtex8.pfb
aicmtex9     CMTEX9     "AITeXExtendedASCIIEncoding ReEncodeFont" <aicmtex.enc <cmtex9.pfb
aicmti10     CMTI10     "AITeXItalicTextEncoding ReEncodeFont" <aicmitext.enc <cmti10.pfb
aicmti12     CMTI12     "AITeXItalicTextEncoding ReEncodeFont" <aicmitext.enc <cmti12.pfb
aicmti7      CMTI7      "AITeXItalicTextEncoding ReEncodeFont" <aicmitext.enc <cmti7.pfb
aicmti8      CMTI8      "AITeXItalicTextEncoding ReEncodeFont" <aicmitext.enc <cmti8.pfb
aicmti9      CMTI9      "AITeXItalicTextEncoding ReEncodeFont" <aicmitext.enc <cmti9.pfb
aicmtt10     CMTT10     "AITeXTypewriterTextEncoding ReEncodeFont" <aicmttext.enc <cmtt10.pfb
aicmtt12     CMTT12     "AITeXTypewriterTextEncoding ReEncodeFont" <aicmttext.enc <cmtt12.pfb
aicmtt8      CMTT8      "AITeXTypewriterTextEncoding ReEncodeFont" <aicmttext.enc <cmtt8.pfb
aicmtt9      CMTT9      "AITeXTypewriterTextEncoding ReEncodeFont" <aicmttext.enc <cmtt9.pfb
aicmu10      CMU10      "AITeXItalicTextEncoding ReEncodeFont" <aicmitext.enc <cmu10.pfb
aicmvtt10    CMVTT10    "AITeXTextEncoding ReEncodeFont" <aicmtext.enc <cmvtt10.pfb
ailasy10     LASY10     "AILaTeXSymbolEncoding ReEncodeFont" <ailasy.enc <lasy10.pfb
ailasy5      LASY5      "AILaTeXSymbolEncoding ReEncodeFont" <ailasy.enc <lasy5.pfb
ailasy6      LASY6      "AILaTeXSymbolEncoding ReEncodeFont" <ailasy.enc <lasy6.pfb
ailasy7      LASY7      "AILaTeXSymbolEncoding ReEncodeFont" <ailasy.enc <lasy7.pfb
ailasy8      LASY8      "AILaTeXSymbolEncoding ReEncodeFont" <ailasy.enc <lasy8.pfb
ailasy9      LASY9      "AILaTeXSymbolEncoding ReEncodeFont" <ailasy.enc <lasy9.pfb
ailasyb10    LASYB10    "AILaTeXSymbolEncoding ReEncodeFont" <ailasy.enc <lasyb10.pfb
ailcircle10  LCIRCLE10  "AILaTeXCircleEncoding ReEncodeFont" <ailcircle.enc <lcircle1.pfb
ailcirclew10 LCIRCLEW10 "AILaTeXCircleEncoding ReEncodeFont" <ailcircle.enc <lcirclew.pfb
ailcmss8     LCMSS8     "AITeXTextEncoding ReEncodeFont" <aicmtext.enc <lcmss8.pfb
ailcmssb8    LCMSSB8    "AITeXTextEncoding ReEncodeFont" <aicmtext.enc <lcmssb8.pfb
ailcmssi8    LCMSSI8    "AITeXTextEncoding ReEncodeFont" <aicmtext.enc <lcmssi8.pfb
ailine10     LINE10     "AILaTeXLineEncoding ReEncodeFont" <ailine.enc <line10.pfb
ailinew10    LINEW10    "AILaTeXLineEncoding ReEncodeFont" <ailine.enc <linew10.pfb
ailogo10     LOGO10     <logo10.pfb
ailogo8      LOGO8      <logo8.pfb
ailogo9      LOGO9      <logo9.pfb
ailogobf10   LOGOBF10   <logobf10.pfb
ailogosl10   LOGOSL10   <logosl10.pfb
aicmbsy5     CMBSY5     "AITeXMathSymbolsEncoding ReEncodeFont" <aicmsy.enc <cmbsy5.pfb
aicmbsy7     CMBSY7     "AITeXMathSymbolsEncoding ReEncodeFont" <aicmsy.enc <cmbsy7.pfb
aicmmib5     CMMIB5     "AITeXMathItalicEncoding ReEncodeFont" <aicmmi.enc <cmmib5.pfb
aicmmib7     CMMIB7     "AITeXMathItalicEncoding ReEncodeFont" <aicmmi.enc <cmmib7.pfb
aieuex10     EUEX10     "AIAMSEulerExEncoding ReEncodeFont" <aieuex.enc <euex10.pfb
aieufb10     EUFB10     "AIAMSEulerFmEncoding ReEncodeFont" <aieufm.enc <eufb10.pfb
aieufb5      EUFB5      "AIAMSEulerFmEncoding ReEncodeFont" <aieufm.enc <eufb5.pfb
aieufb7      EUFB7      "AIAMSEulerFmEncoding ReEncodeFont" <aieufm.enc <eufb7.pfb
aieufm10     EUFM10     "AIAMSEulerFmEncoding ReEncodeFont" <aieufm.enc <eufm10.pfb
aieufm5      EUFM5      "AIAMSEulerFmEncoding ReEncodeFont" <aieufm.enc <eufm5.pfb
aieufm7      EUFM7      "AIAMSEulerFmEncoding ReEncodeFont" <aieufm.enc <eufm7.pfb
aieurb10     EURB10     "AIAMSEulerRmEncoding ReEncodeFont" <aieurm.enc <eurb10.pfb
aieurb5      EURB5      "AIAMSEulerRmEncoding ReEncodeFont" <aieurm.enc <eurb5.pfb
aieurb7      EURB7      "AIAMSEulerRmEncoding ReEncodeFont" <aieurm.enc <eurb7.pfb
aieurm10     EURM10     "AIAMSEulerRmEncoding ReEncodeFont" <aieurm.enc <eurm10.pfb
aieurm5      EURM5      "AIAMSEulerRmEncoding ReEncodeFont" <aieurm.enc <eurm5.pfb
aieurm7      EURM7      "AIAMSEulerRmEncoding ReEncodeFont" <aieurm.enc <eurm7.pfb
aieusb10     EUSB10     "AIAMSEulerSmEncoding ReEncodeFont" <aieusm.enc <eusb10.pfb
aieusb5      EUSB5      "AIAMSEulerSmEncoding ReEncodeFont" <aieusm.enc <eusb5.pfb
aieusb7      EUSB7      "AIAMSEulerSmEncoding ReEncodeFont" <aieusm.enc <eusb7.pfb
aieusm10     EUSM10     "AIAMSEulerSmEncoding ReEncodeFont" <aieusm.enc <eusm10.pfb
aieusm5      EUSM5      "AIAMSEulerSmEncoding ReEncodeFont" <aieusm.enc <eusm5.pfb
aieusm7      EUSM7      "AIAMSEulerSmEncoding ReEncodeFont" <aieusm.enc <eusm7.pfb
aimsam10     MSAM10     "AIAMSMathAEncoding ReEncodeFont" <aimsam.enc <msam10.pfb
aimsam5      MSAM5      "AIAMSMathAEncoding ReEncodeFont" <aimsam.enc <msam5.pfb
aimsam7      MSAM7      "AIAMSMathAEncoding ReEncodeFont" <aimsam.enc <msam7.pfb
aimsbm10     MSBM10     "AIAMSMathBEncoding ReEncodeFont" <aimsbm.enc <msbm10.pfb
aimsbm5      MSBM5      "AIAMSMathBEncoding ReEncodeFont" <aimsbm.enc <msbm5.pfb
aimsbm7      MSBM7      "AIAMSMathBEncoding ReEncodeFont" <aimsbm.enc <msbm7.pfb
aiwncyb10    WNCYB10    "AIAMSCyrillicEncoding ReEncodeFont" <aicy.enc <wncyb10.pfb
aiwncyi10    WNCYI10    "AIAMSCyrillicEncoding ReEncodeFont" <aicy.enc <wncyi10.pfb
aiwncyr10    WNCYR10    "AIAMSCyrillicEncoding ReEncodeFont" <aicy.enc <wncyr10.pfb
aiwncysc10   WNCYSC10   "AIAMSCyrillicEncoding ReEncodeFont" <aicy.enc <wncysc10.pfb
aiwncyss10   WNCYSS10   "AIAMSCyrillicEncoding ReEncodeFont" <aicy.enc <wncyss10.pfb
