This is TeX, MIT-OZ Version 1.5 (preloaded format=ytex-am 86.6.9)  20 NOV 1986 23:37
**YUSAGE.TEX.5
(KANSAS:<TEX.YTEX>YUSAGE.TEX.5 {YTEX version 2.0} {No fixes}
{\typesize=11.0pt}
\abovegabskip=\skip58
\belowgabskip=\skip59
\pregabpenalty=\count60
\postgabpenalty=\count61
\abovebottomtextskip=\skip60
\belowbottomtextskip=\skip61
\prebottomtextpenalty=\count62
\postbottomtextpenalty=\count63
 {Main title} [0] {Section: What is \ytex ?}
{Section: About This Document} [1]
{Section: Some Notation and Conventions I Use Throughout}
Overfull \vbox (2.30855pt too high) has occurred while \output is active
\vbox(528.0+3.60753)x336.0, glue set - 1.0
.\glue(\topskip) 3.05556
.\hbox(6.94444+2.15277)x336.0, glue set - 0.42229
..\hbox(0.0+0.0)x20.0
..\tenrm I
..\tenrm f
..\glue 3.33333 plus 1.66666 minus 1.1111
..\tenrm y
..etc.
.\penalty 900
.\glue(\baselineskip) 3.90282
.\hbox(6.94444+1.94444)x336.0, glue set - 0.00592
..\tenrm t
..\tenrm u
..\tenrm r
..\tenrm n
..\glue 3.33333 plus 1.66666 minus 1.1111
..etc.
.etc.


[2] {Section: Format of a \ytex \ Input File} [3]
{Section: How To Invoke \ytex } {Section: Where are the Sources}
{Section: The \ytex \ View of Documents} [4]
{Section: The Five Kinds of \ytex \ Commands} [5]
{Section: More About Delimiter Commands} [6] [7]
{Section: More About Switches} {Section: A List of the \ytex \ User Macros}
{Heading: Titling Pages} [8] {Heading: Chapters and Sections} [9]
{Heading: Page Layout} [10] {Heading: Paragraphs} [11] [12]
{Heading: Fonts and Sizes} [13] {Heading: Figures} [14] [15] [16]
{Heading: Tables} [17] [18] {Heading: Footnotes} {Heading: Textual Displays}
[19] [20] [21] {Heading: Two-Column Text}
{Heading: Formatting Small Pieces of Text} [22] {Heading: The Date}
{Heading: Miscellany} [23] {Section: For Wizards Only} {Heading: Page Glosses}
{Heading: Size Changing} [24] {Heading: Setup Hooks}
{Heading: More About Tables} [25] {Section: A List of Many \ytex \ Commands}
{Heading: The Commands} [26] [27] [28] {Heading: Parameters} [29] [30]
{Heading: Switches} [31]
Output written on KANSAS:<TEX.YTEX>YUSAGE.DVI.1 (32 pages, 86408 bytes).
