ecbi1000 SFBI1000 "T1Encoding ReEncodeFont" <cm-super-t1.enc <sfbi1000.pfb
ecbl1000 SFBL1000 "T1Encoding ReEncodeFont" <cm-super-t1.enc <sfbl1000.pfb
ecbm1000 SFBM1000 "T1Encoding ReEncodeFont" <cm-super-t1.enc <sfbm1000.pfb
ecbx1000 SFBX1000 "T1Encoding ReEncodeFont" <cm-super-t1.enc <sfbx1000.pfb
eccc1000 SFCC1000 "T1Encoding ReEncodeFont" <cm-super-t1.enc <sfcc1000.pfb
ecci1000 SFCI1000 "T1Encoding ReEncodeFont" <cm-super-t1.enc <sfci1000.pfb
ecdh1000 SFDH1000 "T1Encoding ReEncodeFont" <cm-super-t1.enc <sfdh1000.pfb
ecfb1000 SFFB1000 "T1Encoding ReEncodeFont" <cm-super-t1.enc <sffb1000.pfb
ecff1000 SFFF1000 "T1Encoding ReEncodeFont" <cm-super-t1.enc <sfff1000.pfb
ecfi1000 SFFI1000 "T1Encoding ReEncodeFont" <cm-super-t1.enc <sffi1000.pfb
ecfs1000 SFFS1000 "T1Encoding ReEncodeFont" <cm-super-t1.enc <sffs1000.pfb
ecit1000 SFIT1000 "T1Encoding ReEncodeFont" <cm-super-t1.enc <sfit1000.pfb
ecoc1000 SFOC1000 "T1Encoding ReEncodeFont" <cm-super-t1.enc <sfoc1000.pfb
ecrb1000 SFRB1000 "T1Encoding ReEncodeFont" <cm-super-t1.enc <sfrb1000.pfb
ecrm1000 SFRM1000 "T1Encoding ReEncodeFont" <cm-super-t1.enc <sfrm1000.pfb
ecsc1000 SFSC1000 "T1Encoding ReEncodeFont" <cm-super-t1.enc <sfsc1000.pfb
ecsi1000 SFSI1000 "T1Encoding ReEncodeFont" <cm-super-t1.enc <sfsi1000.pfb
ecsl1000 SFSL1000 "T1Encoding ReEncodeFont" <cm-super-t1.enc <sfsl1000.pfb
ecso1000 SFSO1000 "T1Encoding ReEncodeFont" <cm-super-t1.enc <sfso1000.pfb
ecss1000 SFSS1000 "T1Encoding ReEncodeFont" <cm-super-t1.enc <sfss1000.pfb
ecst1000 SFST1000 "T1Encoding ReEncodeFont" <cm-super-t1.enc <sfst1000.pfb
ecsx1000 SFSX1000 "T1Encoding ReEncodeFont" <cm-super-t1.enc <sfsx1000.pfb
ectc1000 SFTC1000 "T1Encoding ReEncodeFont" <cm-super-t1.enc <sftc1000.pfb
ecti1000 SFTI1000 "T1Encoding ReEncodeFont" <cm-super-t1.enc <sfti1000.pfb
ectt1000 SFTT1000 "T1Encoding ReEncodeFont" <cm-super-t1.enc <sftt1000.pfb
ecui1000 SFUI1000 "T1Encoding ReEncodeFont" <cm-super-t1.enc <sfui1000.pfb
ecvi1000 SFVI1000 "T1Encoding ReEncodeFont" <cm-super-t1.enc <sfvi1000.pfb
ecvt1000 SFVT1000 "T1Encoding ReEncodeFont" <cm-super-t1.enc <sfvt1000.pfb
ecxc1000 SFXC1000 "T1Encoding ReEncodeFont" <cm-super-t1.enc <sfxc1000.pfb
ebbx10 SFBBX10 "T1Encoding ReEncodeFont" <cm-super-t1.enc <sfbbx10.pfb
ebmo10 SFBMO10 "T1Encoding ReEncodeFont" <cm-super-t1.enc <sfbmo10.pfb
ebmr10 SFBMR10 "T1Encoding ReEncodeFont" <cm-super-t1.enc <sfbmr10.pfb
ebso10 SFBSO10 "T1Encoding ReEncodeFont" <cm-super-t1.enc <sfbso10.pfb
ebsr10 SFBSR10 "T1Encoding ReEncodeFont" <cm-super-t1.enc <sfbsr10.pfb
ebtl10 SFBTL10 "T1Encoding ReEncodeFont" <cm-super-t1.enc <sfbtl10.pfb
ebto10 SFBTO10 "T1Encoding ReEncodeFont" <cm-super-t1.enc <sfbto10.pfb
eocc10 SFOCC10 "T1Encoding ReEncodeFont" <cm-super-t1.enc <sfocc10.pfb
eorm10 SFORM10 "T1Encoding ReEncodeFont" <cm-super-t1.enc <sform10.pfb
eosl10 SFOSL10 "T1Encoding ReEncodeFont" <cm-super-t1.enc <sfosl10.pfb
eoti10 SFOTI10 "T1Encoding ReEncodeFont" <cm-super-t1.enc <sfoti10.pfb
ecssdc10 SFSSDC10 "T1Encoding ReEncodeFont" <cm-super-t1.enc <sfssdc10.pfb
