rxbi1000 SFBI1000 "X2Encoding ReEncodeFont" <cm-super-x2.enc <sfbi1000.pfb
rxbl1000 SFBL1000 "X2Encoding ReEncodeFont" <cm-super-x2.enc <sfbl1000.pfb
rxbm1000 SFBM1000 "X2Encoding ReEncodeFont" <cm-super-x2.enc <sfbm1000.pfb
rxbx1000 SFBX1000 "X2Encoding ReEncodeFont" <cm-super-x2.enc <sfbx1000.pfb
rxcc1000 SFCC1000 "X2Encoding ReEncodeFont" <cm-super-x2.enc <sfcc1000.pfb
rxci1000 SFCI1000 "X2Encoding ReEncodeFont" <cm-super-x2.enc <sfci1000.pfb
rxdh1000 SFDH1000 "X2Encoding ReEncodeFont" <cm-super-x2.enc <sfdh1000.pfb
rxfb1000 SFFB1000 "X2Encoding ReEncodeFont" <cm-super-x2.enc <sffb1000.pfb
rxff1000 SFFF1000 "X2Encoding ReEncodeFont" <cm-super-x2.enc <sfff1000.pfb
rxfi1000 SFFI1000 "X2Encoding ReEncodeFont" <cm-super-x2.enc <sffi1000.pfb
rxfs1000 SFFS1000 "X2Encoding ReEncodeFont" <cm-super-x2.enc <sffs1000.pfb
rxit1000 SFIT1000 "X2Encoding ReEncodeFont" <cm-super-x2.enc <sfit1000.pfb
rxoc1000 SFOC1000 "X2Encoding ReEncodeFont" <cm-super-x2.enc <sfoc1000.pfb
rxrb1000 SFRB1000 "X2Encoding ReEncodeFont" <cm-super-x2.enc <sfrb1000.pfb
rxrm1000 SFRM1000 "X2Encoding ReEncodeFont" <cm-super-x2.enc <sfrm1000.pfb
rxsc1000 SFSC1000 "X2Encoding ReEncodeFont" <cm-super-x2.enc <sfsc1000.pfb
rxsi1000 SFSI1000 "X2Encoding ReEncodeFont" <cm-super-x2.enc <sfsi1000.pfb
rxsl1000 SFSL1000 "X2Encoding ReEncodeFont" <cm-super-x2.enc <sfsl1000.pfb
rxso1000 SFSO1000 "X2Encoding ReEncodeFont" <cm-super-x2.enc <sfso1000.pfb
rxss1000 SFSS1000 "X2Encoding ReEncodeFont" <cm-super-x2.enc <sfss1000.pfb
rxst1000 SFST1000 "X2Encoding ReEncodeFont" <cm-super-x2.enc <sfst1000.pfb
rxsx1000 SFSX1000 "X2Encoding ReEncodeFont" <cm-super-x2.enc <sfsx1000.pfb
rxtc1000 SFTC1000 "X2Encoding ReEncodeFont" <cm-super-x2.enc <sftc1000.pfb
rxti1000 SFTI1000 "X2Encoding ReEncodeFont" <cm-super-x2.enc <sfti1000.pfb
rxtt1000 SFTT1000 "X2Encoding ReEncodeFont" <cm-super-x2.enc <sftt1000.pfb
rxui1000 SFUI1000 "X2Encoding ReEncodeFont" <cm-super-x2.enc <sfui1000.pfb
rxvi1000 SFVI1000 "X2Encoding ReEncodeFont" <cm-super-x2.enc <sfvi1000.pfb
rxvt1000 SFVT1000 "X2Encoding ReEncodeFont" <cm-super-x2.enc <sfvt1000.pfb
rxxc1000 SFXC1000 "X2Encoding ReEncodeFont" <cm-super-x2.enc <sfxc1000.pfb
rxbbx10 SFBBX10 "X2Encoding ReEncodeFont" <cm-super-x2.enc <sfbbx10.pfb
rxbmo10 SFBMO10 "X2Encoding ReEncodeFont" <cm-super-x2.enc <sfbmo10.pfb
rxbmr10 SFBMR10 "X2Encoding ReEncodeFont" <cm-super-x2.enc <sfbmr10.pfb
rxbso10 SFBSO10 "X2Encoding ReEncodeFont" <cm-super-x2.enc <sfbso10.pfb
rxbsr10 SFBSR10 "X2Encoding ReEncodeFont" <cm-super-x2.enc <sfbsr10.pfb
rxbtl10 SFBTL10 "X2Encoding ReEncodeFont" <cm-super-x2.enc <sfbtl10.pfb
rxbto10 SFBTO10 "X2Encoding ReEncodeFont" <cm-super-x2.enc <sfbto10.pfb
rxocc10 SFOCC10 "X2Encoding ReEncodeFont" <cm-super-x2.enc <sfocc10.pfb
rxorm10 SFORM10 "X2Encoding ReEncodeFont" <cm-super-x2.enc <sform10.pfb
rxosl10 SFOSL10 "X2Encoding ReEncodeFont" <cm-super-x2.enc <sfosl10.pfb
rxoti10 SFOTI10 "X2Encoding ReEncodeFont" <cm-super-x2.enc <sfoti10.pfb
rxssdc10 SFSSDC10 "X2Encoding ReEncodeFont" <cm-super-x2.enc <sfssdc10.pfb
