tcbi1000 SFBI1000 "TS1Encoding ReEncodeFont" <cm-super-ts1.enc <sfbi1000.pfb
tcbl1000 SFBL1000 "TS1Encoding ReEncodeFont" <cm-super-ts1.enc <sfbl1000.pfb
tcbm1000 SFBM1000 "TS1Encoding ReEncodeFont" <cm-super-ts1.enc <sfbm1000.pfb
tcbx1000 SFBX1000 "TS1Encoding ReEncodeFont" <cm-super-ts1.enc <sfbx1000.pfb
tcci1000 SFCI1000 "TS1Encoding ReEncodeFont" <cm-super-ts1.enc <sfci1000.pfb
tcdh1000 SFDH1000 "TS1Encoding ReEncodeFont" <cm-super-ts1.enc <sfdh1000.pfb
tcfb1000 SFFB1000 "TS1Encoding ReEncodeFont" <cm-super-ts1.enc <sffb1000.pfb
tcff1000 SFFF1000 "TS1Encoding ReEncodeFont" <cm-super-ts1.enc <sfff1000.pfb
tcfi1000 SFFI1000 "TS1Encoding ReEncodeFont" <cm-super-ts1.enc <sffi1000.pfb
tcfs1000 SFFS1000 "TS1Encoding ReEncodeFont" <cm-super-ts1.enc <sffs1000.pfb
tcit1000 SFIT1000 "TS1Encoding ReEncodeFont" <cm-super-ts1.enc <sfit1000.pfb
tcrb1000 SFRB1000 "TS1Encoding ReEncodeFont" <cm-super-ts1.enc <sfrb1000.pfb
tcrm1000 SFRM1000 "TS1Encoding ReEncodeFont" <cm-super-ts1.enc <sfrm1000.pfb
tcsi1000 SFSI1000 "TS1Encoding ReEncodeFont" <cm-super-ts1.enc <sfsi1000.pfb
tcsl1000 SFSL1000 "TS1Encoding ReEncodeFont" <cm-super-ts1.enc <sfsl1000.pfb
tcso1000 SFSO1000 "TS1Encoding ReEncodeFont" <cm-super-ts1.enc <sfso1000.pfb
tcss1000 SFSS1000 "TS1Encoding ReEncodeFont" <cm-super-ts1.enc <sfss1000.pfb
tcst1000 SFST1000 "TS1Encoding ReEncodeFont" <cm-super-ts1.enc <sfst1000.pfb
tcsx1000 SFSX1000 "TS1Encoding ReEncodeFont" <cm-super-ts1.enc <sfsx1000.pfb
tcti1000 SFTI1000 "TS1Encoding ReEncodeFont" <cm-super-ts1.enc <sfti1000.pfb
tctt1000 SFTT1000 "TS1Encoding ReEncodeFont" <cm-super-ts1.enc <sftt1000.pfb
tcui1000 SFUI1000 "TS1Encoding ReEncodeFont" <cm-super-ts1.enc <sfui1000.pfb
tcvi1000 SFVI1000 "TS1Encoding ReEncodeFont" <cm-super-ts1.enc <sfvi1000.pfb
tcvt1000 SFVT1000 "TS1Encoding ReEncodeFont" <cm-super-ts1.enc <sfvt1000.pfb
tbbx10 SFBBX10 "TS1Encoding ReEncodeFont" <cm-super-ts1.enc <sfbbx10.pfb
tbmo10 SFBMO10 "TS1Encoding ReEncodeFont" <cm-super-ts1.enc <sfbmo10.pfb
tbmr10 SFBMR10 "TS1Encoding ReEncodeFont" <cm-super-ts1.enc <sfbmr10.pfb
tbso10 SFBSO10 "TS1Encoding ReEncodeFont" <cm-super-ts1.enc <sfbso10.pfb
tbsr10 SFBSR10 "TS1Encoding ReEncodeFont" <cm-super-ts1.enc <sfbsr10.pfb
tbtl10 SFBTL10 "TS1Encoding ReEncodeFont" <cm-super-ts1.enc <sfbtl10.pfb
tbto10 SFBTO10 "TS1Encoding ReEncodeFont" <cm-super-ts1.enc <sfbto10.pfb
torm10 SFORM10 "TS1Encoding ReEncodeFont" <cm-super-ts1.enc <sform10.pfb
tosl10 SFOSL10 "TS1Encoding ReEncodeFont" <cm-super-ts1.enc <sfosl10.pfb
toti10 SFOTI10 "TS1Encoding ReEncodeFont" <cm-super-ts1.enc <sfoti10.pfb
tcssdc10 SFSSDC10 "TS1Encoding ReEncodeFont" <cm-super-ts1.enc <sfssdc10.pfb
