lcbi1000 SFBI1000 "T2CEncoding ReEncodeFont" <cm-super-t2c.enc <sfbi1000.pfb
lcbl1000 SFBL1000 "T2CEncoding ReEncodeFont" <cm-super-t2c.enc <sfbl1000.pfb
lcbm1000 SFBM1000 "T2CEncoding ReEncodeFont" <cm-super-t2c.enc <sfbm1000.pfb
lcbx1000 SFBX1000 "T2CEncoding ReEncodeFont" <cm-super-t2c.enc <sfbx1000.pfb
lccc1000 SFCC1000 "T2CEncoding ReEncodeFont" <cm-super-t2c.enc <sfcc1000.pfb
lcci1000 SFCI1000 "T2CEncoding ReEncodeFont" <cm-super-t2c.enc <sfci1000.pfb
lcdh1000 SFDH1000 "T2CEncoding ReEncodeFont" <cm-super-t2c.enc <sfdh1000.pfb
lcfb1000 SFFB1000 "T2CEncoding ReEncodeFont" <cm-super-t2c.enc <sffb1000.pfb
lcff1000 SFFF1000 "T2CEncoding ReEncodeFont" <cm-super-t2c.enc <sfff1000.pfb
lcfi1000 SFFI1000 "T2CEncoding ReEncodeFont" <cm-super-t2c.enc <sffi1000.pfb
lcfs1000 SFFS1000 "T2CEncoding ReEncodeFont" <cm-super-t2c.enc <sffs1000.pfb
lcit1000 SFIT1000 "T2CEncoding ReEncodeFont" <cm-super-t2c.enc <sfit1000.pfb
lcoc1000 SFOC1000 "T2CEncoding ReEncodeFont" <cm-super-t2c.enc <sfoc1000.pfb
lcrb1000 SFRB1000 "T2CEncoding ReEncodeFont" <cm-super-t2c.enc <sfrb1000.pfb
lcrm1000 SFRM1000 "T2CEncoding ReEncodeFont" <cm-super-t2c.enc <sfrm1000.pfb
lcsc1000 SFSC1000 "T2CEncoding ReEncodeFont" <cm-super-t2c.enc <sfsc1000.pfb
lcsi1000 SFSI1000 "T2CEncoding ReEncodeFont" <cm-super-t2c.enc <sfsi1000.pfb
lcsl1000 SFSL1000 "T2CEncoding ReEncodeFont" <cm-super-t2c.enc <sfsl1000.pfb
lcso1000 SFSO1000 "T2CEncoding ReEncodeFont" <cm-super-t2c.enc <sfso1000.pfb
lcss1000 SFSS1000 "T2CEncoding ReEncodeFont" <cm-super-t2c.enc <sfss1000.pfb
lcst1000 SFST1000 "T2CEncoding ReEncodeFont" <cm-super-t2c.enc <sfst1000.pfb
lcsx1000 SFSX1000 "T2CEncoding ReEncodeFont" <cm-super-t2c.enc <sfsx1000.pfb
lctc1000 SFTC1000 "T2CEncoding ReEncodeFont" <cm-super-t2c.enc <sftc1000.pfb
lcti1000 SFTI1000 "T2CEncoding ReEncodeFont" <cm-super-t2c.enc <sfti1000.pfb
lctt1000 SFTT1000 "T2CEncoding ReEncodeFont" <cm-super-t2c.enc <sftt1000.pfb
lcui1000 SFUI1000 "T2CEncoding ReEncodeFont" <cm-super-t2c.enc <sfui1000.pfb
lcvi1000 SFVI1000 "T2CEncoding ReEncodeFont" <cm-super-t2c.enc <sfvi1000.pfb
lcvt1000 SFVT1000 "T2CEncoding ReEncodeFont" <cm-super-t2c.enc <sfvt1000.pfb
lcxc1000 SFXC1000 "T2CEncoding ReEncodeFont" <cm-super-t2c.enc <sfxc1000.pfb
lcbbx10 SFBBX10 "T2CEncoding ReEncodeFont" <cm-super-t2c.enc <sfbbx10.pfb
lcbmo10 SFBMO10 "T2CEncoding ReEncodeFont" <cm-super-t2c.enc <sfbmo10.pfb
lcbmr10 SFBMR10 "T2CEncoding ReEncodeFont" <cm-super-t2c.enc <sfbmr10.pfb
lcbso10 SFBSO10 "T2CEncoding ReEncodeFont" <cm-super-t2c.enc <sfbso10.pfb
lcbsr10 SFBSR10 "T2CEncoding ReEncodeFont" <cm-super-t2c.enc <sfbsr10.pfb
lcbtl10 SFBTL10 "T2CEncoding ReEncodeFont" <cm-super-t2c.enc <sfbtl10.pfb
lcbto10 SFBTO10 "T2CEncoding ReEncodeFont" <cm-super-t2c.enc <sfbto10.pfb
lcocc10 SFOCC10 "T2CEncoding ReEncodeFont" <cm-super-t2c.enc <sfocc10.pfb
lcorm10 SFORM10 "T2CEncoding ReEncodeFont" <cm-super-t2c.enc <sform10.pfb
lcosl10 SFOSL10 "T2CEncoding ReEncodeFont" <cm-super-t2c.enc <sfosl10.pfb
lcoti10 SFOTI10 "T2CEncoding ReEncodeFont" <cm-super-t2c.enc <sfoti10.pfb
lcssdc10 SFSSDC10 "T2CEncoding ReEncodeFont" <cm-super-t2c.enc <sfssdc10.pfb
