lbbi1000 SFBI1000 "T2BEncoding ReEncodeFont" <cm-super-t2b.enc <sfbi1000.pfb
lbbl1000 SFBL1000 "T2BEncoding ReEncodeFont" <cm-super-t2b.enc <sfbl1000.pfb
lbbm1000 SFBM1000 "T2BEncoding ReEncodeFont" <cm-super-t2b.enc <sfbm1000.pfb
lbbx1000 SFBX1000 "T2BEncoding ReEncodeFont" <cm-super-t2b.enc <sfbx1000.pfb
lbcc1000 SFCC1000 "T2BEncoding ReEncodeFont" <cm-super-t2b.enc <sfcc1000.pfb
lbci1000 SFCI1000 "T2BEncoding ReEncodeFont" <cm-super-t2b.enc <sfci1000.pfb
lbdh1000 SFDH1000 "T2BEncoding ReEncodeFont" <cm-super-t2b.enc <sfdh1000.pfb
lbfb1000 SFFB1000 "T2BEncoding ReEncodeFont" <cm-super-t2b.enc <sffb1000.pfb
lbff1000 SFFF1000 "T2BEncoding ReEncodeFont" <cm-super-t2b.enc <sfff1000.pfb
lbfi1000 SFFI1000 "T2BEncoding ReEncodeFont" <cm-super-t2b.enc <sffi1000.pfb
lbfs1000 SFFS1000 "T2BEncoding ReEncodeFont" <cm-super-t2b.enc <sffs1000.pfb
lbit1000 SFIT1000 "T2BEncoding ReEncodeFont" <cm-super-t2b.enc <sfit1000.pfb
lboc1000 SFOC1000 "T2BEncoding ReEncodeFont" <cm-super-t2b.enc <sfoc1000.pfb
lbrb1000 SFRB1000 "T2BEncoding ReEncodeFont" <cm-super-t2b.enc <sfrb1000.pfb
lbrm1000 SFRM1000 "T2BEncoding ReEncodeFont" <cm-super-t2b.enc <sfrm1000.pfb
lbsc1000 SFSC1000 "T2BEncoding ReEncodeFont" <cm-super-t2b.enc <sfsc1000.pfb
lbsi1000 SFSI1000 "T2BEncoding ReEncodeFont" <cm-super-t2b.enc <sfsi1000.pfb
lbsl1000 SFSL1000 "T2BEncoding ReEncodeFont" <cm-super-t2b.enc <sfsl1000.pfb
lbso1000 SFSO1000 "T2BEncoding ReEncodeFont" <cm-super-t2b.enc <sfso1000.pfb
lbss1000 SFSS1000 "T2BEncoding ReEncodeFont" <cm-super-t2b.enc <sfss1000.pfb
lbst1000 SFST1000 "T2BEncoding ReEncodeFont" <cm-super-t2b.enc <sfst1000.pfb
lbsx1000 SFSX1000 "T2BEncoding ReEncodeFont" <cm-super-t2b.enc <sfsx1000.pfb
lbtc1000 SFTC1000 "T2BEncoding ReEncodeFont" <cm-super-t2b.enc <sftc1000.pfb
lbti1000 SFTI1000 "T2BEncoding ReEncodeFont" <cm-super-t2b.enc <sfti1000.pfb
lbtt1000 SFTT1000 "T2BEncoding ReEncodeFont" <cm-super-t2b.enc <sftt1000.pfb
lbui1000 SFUI1000 "T2BEncoding ReEncodeFont" <cm-super-t2b.enc <sfui1000.pfb
lbvi1000 SFVI1000 "T2BEncoding ReEncodeFont" <cm-super-t2b.enc <sfvi1000.pfb
lbvt1000 SFVT1000 "T2BEncoding ReEncodeFont" <cm-super-t2b.enc <sfvt1000.pfb
lbxc1000 SFXC1000 "T2BEncoding ReEncodeFont" <cm-super-t2b.enc <sfxc1000.pfb
lbbbx10 SFBBX10 "T2BEncoding ReEncodeFont" <cm-super-t2b.enc <sfbbx10.pfb
lbbmo10 SFBMO10 "T2BEncoding ReEncodeFont" <cm-super-t2b.enc <sfbmo10.pfb
lbbmr10 SFBMR10 "T2BEncoding ReEncodeFont" <cm-super-t2b.enc <sfbmr10.pfb
lbbso10 SFBSO10 "T2BEncoding ReEncodeFont" <cm-super-t2b.enc <sfbso10.pfb
lbbsr10 SFBSR10 "T2BEncoding ReEncodeFont" <cm-super-t2b.enc <sfbsr10.pfb
lbbtl10 SFBTL10 "T2BEncoding ReEncodeFont" <cm-super-t2b.enc <sfbtl10.pfb
lbbto10 SFBTO10 "T2BEncoding ReEncodeFont" <cm-super-t2b.enc <sfbto10.pfb
lbocc10 SFOCC10 "T2BEncoding ReEncodeFont" <cm-super-t2b.enc <sfocc10.pfb
lborm10 SFORM10 "T2BEncoding ReEncodeFont" <cm-super-t2b.enc <sform10.pfb
lbosl10 SFOSL10 "T2BEncoding ReEncodeFont" <cm-super-t2b.enc <sfosl10.pfb
lboti10 SFOTI10 "T2BEncoding ReEncodeFont" <cm-super-t2b.enc <sfoti10.pfb
lbssdc10 SFSSDC10 "T2BEncoding ReEncodeFont" <cm-super-t2b.enc <sfssdc10.pfb
