labi1000 SFBI1000 "T2AEncoding ReEncodeFont" <cm-super-t2a.enc <sfbi1000.pfb
labl1000 SFBL1000 "T2AEncoding ReEncodeFont" <cm-super-t2a.enc <sfbl1000.pfb
labm1000 SFBM1000 "T2AEncoding ReEncodeFont" <cm-super-t2a.enc <sfbm1000.pfb
labx1000 SFBX1000 "T2AEncoding ReEncodeFont" <cm-super-t2a.enc <sfbx1000.pfb
lacc1000 SFCC1000 "T2AEncoding ReEncodeFont" <cm-super-t2a.enc <sfcc1000.pfb
laci1000 SFCI1000 "T2AEncoding ReEncodeFont" <cm-super-t2a.enc <sfci1000.pfb
ladh1000 SFDH1000 "T2AEncoding ReEncodeFont" <cm-super-t2a.enc <sfdh1000.pfb
lafb1000 SFFB1000 "T2AEncoding ReEncodeFont" <cm-super-t2a.enc <sffb1000.pfb
laff1000 SFFF1000 "T2AEncoding ReEncodeFont" <cm-super-t2a.enc <sfff1000.pfb
lafi1000 SFFI1000 "T2AEncoding ReEncodeFont" <cm-super-t2a.enc <sffi1000.pfb
lafs1000 SFFS1000 "T2AEncoding ReEncodeFont" <cm-super-t2a.enc <sffs1000.pfb
lait1000 SFIT1000 "T2AEncoding ReEncodeFont" <cm-super-t2a.enc <sfit1000.pfb
laoc1000 SFOC1000 "T2AEncoding ReEncodeFont" <cm-super-t2a.enc <sfoc1000.pfb
larb1000 SFRB1000 "T2AEncoding ReEncodeFont" <cm-super-t2a.enc <sfrb1000.pfb
larm1000 SFRM1000 "T2AEncoding ReEncodeFont" <cm-super-t2a.enc <sfrm1000.pfb
lasc1000 SFSC1000 "T2AEncoding ReEncodeFont" <cm-super-t2a.enc <sfsc1000.pfb
lasi1000 SFSI1000 "T2AEncoding ReEncodeFont" <cm-super-t2a.enc <sfsi1000.pfb
lasl1000 SFSL1000 "T2AEncoding ReEncodeFont" <cm-super-t2a.enc <sfsl1000.pfb
laso1000 SFSO1000 "T2AEncoding ReEncodeFont" <cm-super-t2a.enc <sfso1000.pfb
lass1000 SFSS1000 "T2AEncoding ReEncodeFont" <cm-super-t2a.enc <sfss1000.pfb
last1000 SFST1000 "T2AEncoding ReEncodeFont" <cm-super-t2a.enc <sfst1000.pfb
lasx1000 SFSX1000 "T2AEncoding ReEncodeFont" <cm-super-t2a.enc <sfsx1000.pfb
latc1000 SFTC1000 "T2AEncoding ReEncodeFont" <cm-super-t2a.enc <sftc1000.pfb
lati1000 SFTI1000 "T2AEncoding ReEncodeFont" <cm-super-t2a.enc <sfti1000.pfb
latt1000 SFTT1000 "T2AEncoding ReEncodeFont" <cm-super-t2a.enc <sftt1000.pfb
laui1000 SFUI1000 "T2AEncoding ReEncodeFont" <cm-super-t2a.enc <sfui1000.pfb
lavi1000 SFVI1000 "T2AEncoding ReEncodeFont" <cm-super-t2a.enc <sfvi1000.pfb
lavt1000 SFVT1000 "T2AEncoding ReEncodeFont" <cm-super-t2a.enc <sfvt1000.pfb
laxc1000 SFXC1000 "T2AEncoding ReEncodeFont" <cm-super-t2a.enc <sfxc1000.pfb
labbx10 SFBBX10 "T2AEncoding ReEncodeFont" <cm-super-t2a.enc <sfbbx10.pfb
labmo10 SFBMO10 "T2AEncoding ReEncodeFont" <cm-super-t2a.enc <sfbmo10.pfb
labmr10 SFBMR10 "T2AEncoding ReEncodeFont" <cm-super-t2a.enc <sfbmr10.pfb
labso10 SFBSO10 "T2AEncoding ReEncodeFont" <cm-super-t2a.enc <sfbso10.pfb
labsr10 SFBSR10 "T2AEncoding ReEncodeFont" <cm-super-t2a.enc <sfbsr10.pfb
labtl10 SFBTL10 "T2AEncoding ReEncodeFont" <cm-super-t2a.enc <sfbtl10.pfb
labto10 SFBTO10 "T2AEncoding ReEncodeFont" <cm-super-t2a.enc <sfbto10.pfb
laocc10 SFOCC10 "T2AEncoding ReEncodeFont" <cm-super-t2a.enc <sfocc10.pfb
laorm10 SFORM10 "T2AEncoding ReEncodeFont" <cm-super-t2a.enc <sform10.pfb
laosl10 SFOSL10 "T2AEncoding ReEncodeFont" <cm-super-t2a.enc <sfosl10.pfb
laoti10 SFOTI10 "T2AEncoding ReEncodeFont" <cm-super-t2a.enc <sfoti10.pfb
lassdc10 SFSSDC10 "T2AEncoding ReEncodeFont" <cm-super-t2a.enc <sfssdc10.pfb
