% You can include these lines into psfonts.map (dvips configuration file).
% Then dvips will download CS fonts from pfb sources instead PK bitmaps.
% ReEncoding is not needed -- implicit encoding vector in pfb fonts is il2.
% May 1998    Petr Olsak
% September 2005 Staszek Wawrykiewicz splited old cs.map into csother.map 
% and cstext.map for making easier substitution by LM fonts
csb10 csb10 <csb10.pfb
csbx10 csbx10 <csbx10.pfb
csbx12 csbx12 <csbx12.pfb
csbx5 csbx5 <csbx5.pfb
csbx6 csbx6 <csbx6.pfb
csbx7 csbx7 <csbx7.pfb
csbx8 csbx8 <csbx8.pfb
csbx9 csbx9 <csbx9.pfb
csbxsl10 csbxsl10 <csbxsl10.pfb
csbxti10 csbxti10 <csbxti10.pfb
cscsc10 cscsc10 <cscsc10.pfb
csinch csinch <csinch.pfb
csitt10 csitt10 <csitt10.pfb
csr10 csr10 <csr10.pfb
csr12 csr12 <csr12.pfb
csr17 csr17 <csr17.pfb
csr5 csr5 <csr5.pfb
csr6 csr6 <csr6.pfb
csr7 csr7 <csr7.pfb
csr8 csr8 <csr8.pfb
csr9 csr9 <csr9.pfb
cssl10 cssl10 <cssl10.pfb
cssl12 cssl12 <cssl12.pfb
cssl8 cssl8 <cssl8.pfb
cssl9 cssl9 <cssl9.pfb
cssltt10 cssltt10 <cssltt10.pfb
csss10 csss10 <csss10.pfb
csss12 csss12 <csss12.pfb
csss17 csss17 <csss17.pfb
csss8 csss8 <csss8.pfb
csss9 csss9 <csss9.pfb
csssbx10 csssbx10 <csssbx10.pfb
csssdc10 csssdc10 <csssdc10.pfb
csssi10 csssi10 <csssi10.pfb
csssi12 csssi12 <csssi12.pfb
csssi17 csssi17 <csssi17.pfb
csssi8 csssi8 <csssi8.pfb
csssi9 csssi9 <csssi9.pfb
csssq8 csssq8 <csssq8.pfb
csssqi8 csssqi8 <csssqi8.pfb
cstcsc10 cstcsc10 <cstcsc10.pfb
csti10 csti10 <csti10.pfb
csti12 csti12 <csti12.pfb
csti7 csti7 <csti7.pfb
csti8 csti8 <csti8.pfb
csti9 csti9 <csti9.pfb
cstt10 cstt10 <cstt10.pfb
cstt12 cstt12 <cstt12.pfb
cstt8 cstt8 <cstt8.pfb
cstt9 cstt9 <cstt9.pfb
csu10 csu10 <csu10.pfb
csvtt10 csvtt10 <csvtt10.pfb
