ec-iwonal IwonaLight-Regular "enciwona-ec ReEncodeFont" <iwona-ec.enc <iwonal.pfb
ec-iwonar Iwona-Regular "enciwona-ec ReEncodeFont" <iwona-ec.enc <iwonar.pfb
ec-iwonam IwonaMedium-Regular "enciwona-ec ReEncodeFont" <iwona-ec.enc <iwonam.pfb
ec-iwonab Iwona-Bold "enciwona-ec ReEncodeFont" <iwona-ec.enc <iwonab.pfb
ec-iwonah IwonaHeavy-Regular "enciwona-ec ReEncodeFont" <iwona-ec.enc <iwonah.pfb
ec-iwonali IwonaLight-Italic "enciwona-ec ReEncodeFont" <iwona-ec.enc <iwonali.pfb
ec-iwonari Iwona-Italic "enciwona-ec ReEncodeFont" <iwona-ec.enc <iwonari.pfb
ec-iwonami IwonaMedium-Italic "enciwona-ec ReEncodeFont" <iwona-ec.enc <iwonami.pfb
ec-iwonabi Iwona-BoldItalic "enciwona-ec ReEncodeFont" <iwona-ec.enc <iwonabi.pfb
ec-iwonahi IwonaHeavy-Italic "enciwona-ec ReEncodeFont" <iwona-ec.enc <iwonahi.pfb
ec-iwonacl IwonaCondLight-Regular "enciwona-ec ReEncodeFont" <iwona-ec.enc <iwonacl.pfb
ec-iwonacr IwonaCond-Regular "enciwona-ec ReEncodeFont" <iwona-ec.enc <iwonacr.pfb
ec-iwonacm IwonaCondMedium-Regular "enciwona-ec ReEncodeFont" <iwona-ec.enc <iwonacm.pfb
ec-iwonacb IwonaCond-Bold "enciwona-ec ReEncodeFont" <iwona-ec.enc <iwonacb.pfb
ec-iwonach IwonaCondHeavy-Regular "enciwona-ec ReEncodeFont" <iwona-ec.enc <iwonach.pfb
ec-iwonacli IwonaCondLight-Italic "enciwona-ec ReEncodeFont" <iwona-ec.enc <iwonacli.pfb
ec-iwonacri IwonaCond-Italic "enciwona-ec ReEncodeFont" <iwona-ec.enc <iwonacri.pfb
ec-iwonacmi IwonaCondMedium-Italic "enciwona-ec ReEncodeFont" <iwona-ec.enc <iwonacmi.pfb
ec-iwonacbi IwonaCond-BoldItalic "enciwona-ec ReEncodeFont" <iwona-ec.enc <iwonacbi.pfb
ec-iwonachi IwonaCondHeavy-Italic "enciwona-ec ReEncodeFont" <iwona-ec.enc <iwonachi.pfb
ec-iwonalcap IwonaLight-Regular "enciwonacap-ec ReEncodeFont" <iwonacap-ec.enc <iwonal.pfb
ec-iwonarcap Iwona-Regular "enciwonacap-ec ReEncodeFont" <iwonacap-ec.enc <iwonar.pfb
ec-iwonamcap IwonaMedium-Regular "enciwonacap-ec ReEncodeFont" <iwonacap-ec.enc <iwonam.pfb
ec-iwonabcap Iwona-Bold "enciwonacap-ec ReEncodeFont" <iwonacap-ec.enc <iwonab.pfb
ec-iwonahcap IwonaHeavy-Regular "enciwonacap-ec ReEncodeFont" <iwonacap-ec.enc <iwonah.pfb
ec-iwonalicap IwonaLight-Italic "enciwonacap-ec ReEncodeFont" <iwonacap-ec.enc <iwonali.pfb
ec-iwonaricap Iwona-Italic "enciwonacap-ec ReEncodeFont" <iwonacap-ec.enc <iwonari.pfb
ec-iwonamicap IwonaMedium-Italic "enciwonacap-ec ReEncodeFont" <iwonacap-ec.enc <iwonami.pfb
ec-iwonabicap Iwona-BoldItalic "enciwonacap-ec ReEncodeFont" <iwonacap-ec.enc <iwonabi.pfb
ec-iwonahicap IwonaHeavy-Italic "enciwonacap-ec ReEncodeFont" <iwonacap-ec.enc <iwonahi.pfb
ec-iwonaclcap IwonaCondLight-Regular "enciwonacap-ec ReEncodeFont" <iwonacap-ec.enc <iwonacl.pfb
ec-iwonacrcap IwonaCond-Regular "enciwonacap-ec ReEncodeFont" <iwonacap-ec.enc <iwonacr.pfb
ec-iwonacmcap IwonaCondMedium-Regular "enciwonacap-ec ReEncodeFont" <iwonacap-ec.enc <iwonacm.pfb
ec-iwonacbcap IwonaCond-Bold "enciwonacap-ec ReEncodeFont" <iwonacap-ec.enc <iwonacb.pfb
ec-iwonachcap IwonaCondHeavy-Regular "enciwonacap-ec ReEncodeFont" <iwonacap-ec.enc <iwonach.pfb
ec-iwonaclicap IwonaCondLight-Italic "enciwonacap-ec ReEncodeFont" <iwonacap-ec.enc <iwonacli.pfb
ec-iwonacricap IwonaCond-Italic "enciwonacap-ec ReEncodeFont" <iwonacap-ec.enc <iwonacri.pfb
ec-iwonacmicap IwonaCondMedium-Italic "enciwonacap-ec ReEncodeFont" <iwonacap-ec.enc <iwonacmi.pfb
ec-iwonacbicap IwonaCond-BoldItalic "enciwonacap-ec ReEncodeFont" <iwonacap-ec.enc <iwonacbi.pfb
ec-iwonachicap IwonaCondHeavy-Italic "enciwonacap-ec ReEncodeFont" <iwonacap-ec.enc <iwonachi.pfb
