ts1-iwonal IwonaLight-Regular "enciwona-ts1 ReEncodeFont" <iwona-ts1.enc <iwonal.pfb
ts1-iwonar Iwona-Regular "enciwona-ts1 ReEncodeFont" <iwona-ts1.enc <iwonar.pfb
ts1-iwonam IwonaMedium-Regular "enciwona-ts1 ReEncodeFont" <iwona-ts1.enc <iwonam.pfb
ts1-iwonab Iwona-Bold "enciwona-ts1 ReEncodeFont" <iwona-ts1.enc <iwonab.pfb
ts1-iwonah IwonaHeavy-Regular "enciwona-ts1 ReEncodeFont" <iwona-ts1.enc <iwonah.pfb
ts1-iwonali IwonaLight-Italic "enciwona-ts1 ReEncodeFont" <iwona-ts1.enc <iwonali.pfb
ts1-iwonari Iwona-Italic "enciwona-ts1 ReEncodeFont" <iwona-ts1.enc <iwonari.pfb
ts1-iwonami IwonaMedium-Italic "enciwona-ts1 ReEncodeFont" <iwona-ts1.enc <iwonami.pfb
ts1-iwonabi Iwona-BoldItalic "enciwona-ts1 ReEncodeFont" <iwona-ts1.enc <iwonabi.pfb
ts1-iwonahi IwonaHeavy-Italic "enciwona-ts1 ReEncodeFont" <iwona-ts1.enc <iwonahi.pfb
ts1-iwonacl IwonaCondLight-Regular "enciwona-ts1 ReEncodeFont" <iwona-ts1.enc <iwonacl.pfb
ts1-iwonacr IwonaCond-Regular "enciwona-ts1 ReEncodeFont" <iwona-ts1.enc <iwonacr.pfb
ts1-iwonacm IwonaCondMedium-Regular "enciwona-ts1 ReEncodeFont" <iwona-ts1.enc <iwonacm.pfb
ts1-iwonacb IwonaCond-Bold "enciwona-ts1 ReEncodeFont" <iwona-ts1.enc <iwonacb.pfb
ts1-iwonach IwonaCondHeavy-Regular "enciwona-ts1 ReEncodeFont" <iwona-ts1.enc <iwonach.pfb
ts1-iwonacli IwonaCondLight-Italic "enciwona-ts1 ReEncodeFont" <iwona-ts1.enc <iwonacli.pfb
ts1-iwonacri IwonaCond-Italic "enciwona-ts1 ReEncodeFont" <iwona-ts1.enc <iwonacri.pfb
ts1-iwonacmi IwonaCondMedium-Italic "enciwona-ts1 ReEncodeFont" <iwona-ts1.enc <iwonacmi.pfb
ts1-iwonacbi IwonaCond-BoldItalic "enciwona-ts1 ReEncodeFont" <iwona-ts1.enc <iwonacbi.pfb
ts1-iwonachi IwonaCondHeavy-Italic "enciwona-ts1 ReEncodeFont" <iwona-ts1.enc <iwonachi.pfb
