wncy-iwonal IwonaLight-Regular "enciwona-wncy ReEncodeFont" <iwona-wncy.enc <iwonal.pfb
wncy-iwonar Iwona-Regular "enciwona-wncy ReEncodeFont" <iwona-wncy.enc <iwonar.pfb
wncy-iwonam IwonaMedium-Regular "enciwona-wncy ReEncodeFont" <iwona-wncy.enc <iwonam.pfb
wncy-iwonab Iwona-Bold "enciwona-wncy ReEncodeFont" <iwona-wncy.enc <iwonab.pfb
wncy-iwonah IwonaHeavy-Regular "enciwona-wncy ReEncodeFont" <iwona-wncy.enc <iwonah.pfb
wncy-iwonali IwonaLight-Italic "enciwona-wncy ReEncodeFont" <iwona-wncy.enc <iwonali.pfb
wncy-iwonari Iwona-Italic "enciwona-wncy ReEncodeFont" <iwona-wncy.enc <iwonari.pfb
wncy-iwonami IwonaMedium-Italic "enciwona-wncy ReEncodeFont" <iwona-wncy.enc <iwonami.pfb
wncy-iwonabi Iwona-BoldItalic "enciwona-wncy ReEncodeFont" <iwona-wncy.enc <iwonabi.pfb
wncy-iwonahi IwonaHeavy-Italic "enciwona-wncy ReEncodeFont" <iwona-wncy.enc <iwonahi.pfb
wncy-iwonacl IwonaCondLight-Regular "enciwona-wncy ReEncodeFont" <iwona-wncy.enc <iwonacl.pfb
wncy-iwonacr IwonaCond-Regular "enciwona-wncy ReEncodeFont" <iwona-wncy.enc <iwonacr.pfb
wncy-iwonacm IwonaCondMedium-Regular "enciwona-wncy ReEncodeFont" <iwona-wncy.enc <iwonacm.pfb
wncy-iwonacb IwonaCond-Bold "enciwona-wncy ReEncodeFont" <iwona-wncy.enc <iwonacb.pfb
wncy-iwonach IwonaCondHeavy-Regular "enciwona-wncy ReEncodeFont" <iwona-wncy.enc <iwonach.pfb
wncy-iwonacli IwonaCondLight-Italic "enciwona-wncy ReEncodeFont" <iwona-wncy.enc <iwonacli.pfb
wncy-iwonacri IwonaCond-Italic "enciwona-wncy ReEncodeFont" <iwona-wncy.enc <iwonacri.pfb
wncy-iwonacmi IwonaCondMedium-Italic "enciwona-wncy ReEncodeFont" <iwona-wncy.enc <iwonacmi.pfb
wncy-iwonacbi IwonaCond-BoldItalic "enciwona-wncy ReEncodeFont" <iwona-wncy.enc <iwonacbi.pfb
wncy-iwonachi IwonaCondHeavy-Italic "enciwona-wncy ReEncodeFont" <iwona-wncy.enc <iwonachi.pfb
