exp-iwonal IwonaLight-Regular "enciwona-exp ReEncodeFont" <iwona-exp.enc <iwonal.pfb
exp-iwonar Iwona-Regular "enciwona-exp ReEncodeFont" <iwona-exp.enc <iwonar.pfb
exp-iwonam IwonaMedium-Regular "enciwona-exp ReEncodeFont" <iwona-exp.enc <iwonam.pfb
exp-iwonab Iwona-Bold "enciwona-exp ReEncodeFont" <iwona-exp.enc <iwonab.pfb
exp-iwonah IwonaHeavy-Regular "enciwona-exp ReEncodeFont" <iwona-exp.enc <iwonah.pfb
exp-iwonali IwonaLight-Italic "enciwona-exp ReEncodeFont" <iwona-exp.enc <iwonali.pfb
exp-iwonari Iwona-Italic "enciwona-exp ReEncodeFont" <iwona-exp.enc <iwonari.pfb
exp-iwonami IwonaMedium-Italic "enciwona-exp ReEncodeFont" <iwona-exp.enc <iwonami.pfb
exp-iwonabi Iwona-BoldItalic "enciwona-exp ReEncodeFont" <iwona-exp.enc <iwonabi.pfb
exp-iwonahi IwonaHeavy-Italic "enciwona-exp ReEncodeFont" <iwona-exp.enc <iwonahi.pfb
exp-iwonacl IwonaCondLight-Regular "enciwona-exp ReEncodeFont" <iwona-exp.enc <iwonacl.pfb
exp-iwonacr IwonaCond-Regular "enciwona-exp ReEncodeFont" <iwona-exp.enc <iwonacr.pfb
exp-iwonacm IwonaCondMedium-Regular "enciwona-exp ReEncodeFont" <iwona-exp.enc <iwonacm.pfb
exp-iwonacb IwonaCond-Bold "enciwona-exp ReEncodeFont" <iwona-exp.enc <iwonacb.pfb
exp-iwonach IwonaCondHeavy-Regular "enciwona-exp ReEncodeFont" <iwona-exp.enc <iwonach.pfb
exp-iwonacli IwonaCondLight-Italic "enciwona-exp ReEncodeFont" <iwona-exp.enc <iwonacli.pfb
exp-iwonacri IwonaCond-Italic "enciwona-exp ReEncodeFont" <iwona-exp.enc <iwonacri.pfb
exp-iwonacmi IwonaCondMedium-Italic "enciwona-exp ReEncodeFont" <iwona-exp.enc <iwonacmi.pfb
exp-iwonacbi IwonaCond-BoldItalic "enciwona-exp ReEncodeFont" <iwona-exp.enc <iwonacbi.pfb
exp-iwonachi IwonaCondHeavy-Italic "enciwona-exp ReEncodeFont" <iwona-exp.enc <iwonachi.pfb
