texnansi-iwonal IwonaLight-Regular "enciwona-texnansi ReEncodeFont" <iwona-texnansi.enc <iwonal.pfb
texnansi-iwonar Iwona-Regular "enciwona-texnansi ReEncodeFont" <iwona-texnansi.enc <iwonar.pfb
texnansi-iwonam IwonaMedium-Regular "enciwona-texnansi ReEncodeFont" <iwona-texnansi.enc <iwonam.pfb
texnansi-iwonab Iwona-Bold "enciwona-texnansi ReEncodeFont" <iwona-texnansi.enc <iwonab.pfb
texnansi-iwonah IwonaHeavy-Regular "enciwona-texnansi ReEncodeFont" <iwona-texnansi.enc <iwonah.pfb
texnansi-iwonali IwonaLight-Italic "enciwona-texnansi ReEncodeFont" <iwona-texnansi.enc <iwonali.pfb
texnansi-iwonari Iwona-Italic "enciwona-texnansi ReEncodeFont" <iwona-texnansi.enc <iwonari.pfb
texnansi-iwonami IwonaMedium-Italic "enciwona-texnansi ReEncodeFont" <iwona-texnansi.enc <iwonami.pfb
texnansi-iwonabi Iwona-BoldItalic "enciwona-texnansi ReEncodeFont" <iwona-texnansi.enc <iwonabi.pfb
texnansi-iwonahi IwonaHeavy-Italic "enciwona-texnansi ReEncodeFont" <iwona-texnansi.enc <iwonahi.pfb
texnansi-iwonacl IwonaCondLight-Regular "enciwona-texnansi ReEncodeFont" <iwona-texnansi.enc <iwonacl.pfb
texnansi-iwonacr IwonaCond-Regular "enciwona-texnansi ReEncodeFont" <iwona-texnansi.enc <iwonacr.pfb
texnansi-iwonacm IwonaCondMedium-Regular "enciwona-texnansi ReEncodeFont" <iwona-texnansi.enc <iwonacm.pfb
texnansi-iwonacb IwonaCond-Bold "enciwona-texnansi ReEncodeFont" <iwona-texnansi.enc <iwonacb.pfb
texnansi-iwonach IwonaCondHeavy-Regular "enciwona-texnansi ReEncodeFont" <iwona-texnansi.enc <iwonach.pfb
texnansi-iwonacli IwonaCondLight-Italic "enciwona-texnansi ReEncodeFont" <iwona-texnansi.enc <iwonacli.pfb
texnansi-iwonacri IwonaCond-Italic "enciwona-texnansi ReEncodeFont" <iwona-texnansi.enc <iwonacri.pfb
texnansi-iwonacmi IwonaCondMedium-Italic "enciwona-texnansi ReEncodeFont" <iwona-texnansi.enc <iwonacmi.pfb
texnansi-iwonacbi IwonaCond-BoldItalic "enciwona-texnansi ReEncodeFont" <iwona-texnansi.enc <iwonacbi.pfb
texnansi-iwonachi IwonaCondHeavy-Italic "enciwona-texnansi ReEncodeFont" <iwona-texnansi.enc <iwonachi.pfb
texnansi-iwonalcap IwonaLight-Regular "enciwonacap-texnansi ReEncodeFont" <iwonacap-texnansi.enc <iwonal.pfb
texnansi-iwonarcap Iwona-Regular "enciwonacap-texnansi ReEncodeFont" <iwonacap-texnansi.enc <iwonar.pfb
texnansi-iwonamcap IwonaMedium-Regular "enciwonacap-texnansi ReEncodeFont" <iwonacap-texnansi.enc <iwonam.pfb
texnansi-iwonabcap Iwona-Bold "enciwonacap-texnansi ReEncodeFont" <iwonacap-texnansi.enc <iwonab.pfb
texnansi-iwonahcap IwonaHeavy-Regular "enciwonacap-texnansi ReEncodeFont" <iwonacap-texnansi.enc <iwonah.pfb
texnansi-iwonalicap IwonaLight-Italic "enciwonacap-texnansi ReEncodeFont" <iwonacap-texnansi.enc <iwonali.pfb
texnansi-iwonaricap Iwona-Italic "enciwonacap-texnansi ReEncodeFont" <iwonacap-texnansi.enc <iwonari.pfb
texnansi-iwonamicap IwonaMedium-Italic "enciwonacap-texnansi ReEncodeFont" <iwonacap-texnansi.enc <iwonami.pfb
texnansi-iwonabicap Iwona-BoldItalic "enciwonacap-texnansi ReEncodeFont" <iwonacap-texnansi.enc <iwonabi.pfb
texnansi-iwonahicap IwonaHeavy-Italic "enciwonacap-texnansi ReEncodeFont" <iwonacap-texnansi.enc <iwonahi.pfb
texnansi-iwonaclcap IwonaCondLight-Regular "enciwonacap-texnansi ReEncodeFont" <iwonacap-texnansi.enc <iwonacl.pfb
texnansi-iwonacrcap IwonaCond-Regular "enciwonacap-texnansi ReEncodeFont" <iwonacap-texnansi.enc <iwonacr.pfb
texnansi-iwonacmcap IwonaCondMedium-Regular "enciwonacap-texnansi ReEncodeFont" <iwonacap-texnansi.enc <iwonacm.pfb
texnansi-iwonacbcap IwonaCond-Bold "enciwonacap-texnansi ReEncodeFont" <iwonacap-texnansi.enc <iwonacb.pfb
texnansi-iwonachcap IwonaCondHeavy-Regular "enciwonacap-texnansi ReEncodeFont" <iwonacap-texnansi.enc <iwonach.pfb
texnansi-iwonaclicap IwonaCondLight-Italic "enciwonacap-texnansi ReEncodeFont" <iwonacap-texnansi.enc <iwonacli.pfb
texnansi-iwonacricap IwonaCond-Italic "enciwonacap-texnansi ReEncodeFont" <iwonacap-texnansi.enc <iwonacri.pfb
texnansi-iwonacmicap IwonaCondMedium-Italic "enciwonacap-texnansi ReEncodeFont" <iwonacap-texnansi.enc <iwonacmi.pfb
texnansi-iwonacbicap IwonaCond-BoldItalic "enciwonacap-texnansi ReEncodeFont" <iwonacap-texnansi.enc <iwonacbi.pfb
texnansi-iwonachicap IwonaCondHeavy-Italic "enciwonacap-texnansi ReEncodeFont" <iwonacap-texnansi.enc <iwonachi.pfb
