t2a-iwonal IwonaLight-Regular "enciwona-t2a ReEncodeFont" <iwona-t2a.enc <iwonal.pfb
t2a-iwonar Iwona-Regular "enciwona-t2a ReEncodeFont" <iwona-t2a.enc <iwonar.pfb
t2a-iwonam IwonaMedium-Regular "enciwona-t2a ReEncodeFont" <iwona-t2a.enc <iwonam.pfb
t2a-iwonab Iwona-Bold "enciwona-t2a ReEncodeFont" <iwona-t2a.enc <iwonab.pfb
t2a-iwonah IwonaHeavy-Regular "enciwona-t2a ReEncodeFont" <iwona-t2a.enc <iwonah.pfb
t2a-iwonali IwonaLight-Italic "enciwona-t2a ReEncodeFont" <iwona-t2a.enc <iwonali.pfb
t2a-iwonari Iwona-Italic "enciwona-t2a ReEncodeFont" <iwona-t2a.enc <iwonari.pfb
t2a-iwonami IwonaMedium-Italic "enciwona-t2a ReEncodeFont" <iwona-t2a.enc <iwonami.pfb
t2a-iwonabi Iwona-BoldItalic "enciwona-t2a ReEncodeFont" <iwona-t2a.enc <iwonabi.pfb
t2a-iwonahi IwonaHeavy-Italic "enciwona-t2a ReEncodeFont" <iwona-t2a.enc <iwonahi.pfb
t2a-iwonacl IwonaCondLight-Regular "enciwona-t2a ReEncodeFont" <iwona-t2a.enc <iwonacl.pfb
t2a-iwonacr IwonaCond-Regular "enciwona-t2a ReEncodeFont" <iwona-t2a.enc <iwonacr.pfb
t2a-iwonacm IwonaCondMedium-Regular "enciwona-t2a ReEncodeFont" <iwona-t2a.enc <iwonacm.pfb
t2a-iwonacb IwonaCond-Bold "enciwona-t2a ReEncodeFont" <iwona-t2a.enc <iwonacb.pfb
t2a-iwonach IwonaCondHeavy-Regular "enciwona-t2a ReEncodeFont" <iwona-t2a.enc <iwonach.pfb
t2a-iwonacli IwonaCondLight-Italic "enciwona-t2a ReEncodeFont" <iwona-t2a.enc <iwonacli.pfb
t2a-iwonacri IwonaCond-Italic "enciwona-t2a ReEncodeFont" <iwona-t2a.enc <iwonacri.pfb
t2a-iwonacmi IwonaCondMedium-Italic "enciwona-t2a ReEncodeFont" <iwona-t2a.enc <iwonacmi.pfb
t2a-iwonacbi IwonaCond-BoldItalic "enciwona-t2a ReEncodeFont" <iwona-t2a.enc <iwonacbi.pfb
t2a-iwonachi IwonaCondHeavy-Italic "enciwona-t2a ReEncodeFont" <iwona-t2a.enc <iwonachi.pfb
