t2b-iwonal IwonaLight-Regular "enciwona-t2b ReEncodeFont" <iwona-t2b.enc <iwonal.pfb
t2b-iwonar Iwona-Regular "enciwona-t2b ReEncodeFont" <iwona-t2b.enc <iwonar.pfb
t2b-iwonam IwonaMedium-Regular "enciwona-t2b ReEncodeFont" <iwona-t2b.enc <iwonam.pfb
t2b-iwonab Iwona-Bold "enciwona-t2b ReEncodeFont" <iwona-t2b.enc <iwonab.pfb
t2b-iwonah IwonaHeavy-Regular "enciwona-t2b ReEncodeFont" <iwona-t2b.enc <iwonah.pfb
t2b-iwonali IwonaLight-Italic "enciwona-t2b ReEncodeFont" <iwona-t2b.enc <iwonali.pfb
t2b-iwonari Iwona-Italic "enciwona-t2b ReEncodeFont" <iwona-t2b.enc <iwonari.pfb
t2b-iwonami IwonaMedium-Italic "enciwona-t2b ReEncodeFont" <iwona-t2b.enc <iwonami.pfb
t2b-iwonabi Iwona-BoldItalic "enciwona-t2b ReEncodeFont" <iwona-t2b.enc <iwonabi.pfb
t2b-iwonahi IwonaHeavy-Italic "enciwona-t2b ReEncodeFont" <iwona-t2b.enc <iwonahi.pfb
t2b-iwonacl IwonaCondLight-Regular "enciwona-t2b ReEncodeFont" <iwona-t2b.enc <iwonacl.pfb
t2b-iwonacr IwonaCond-Regular "enciwona-t2b ReEncodeFont" <iwona-t2b.enc <iwonacr.pfb
t2b-iwonacm IwonaCondMedium-Regular "enciwona-t2b ReEncodeFont" <iwona-t2b.enc <iwonacm.pfb
t2b-iwonacb IwonaCond-Bold "enciwona-t2b ReEncodeFont" <iwona-t2b.enc <iwonacb.pfb
t2b-iwonach IwonaCondHeavy-Regular "enciwona-t2b ReEncodeFont" <iwona-t2b.enc <iwonach.pfb
t2b-iwonacli IwonaCondLight-Italic "enciwona-t2b ReEncodeFont" <iwona-t2b.enc <iwonacli.pfb
t2b-iwonacri IwonaCond-Italic "enciwona-t2b ReEncodeFont" <iwona-t2b.enc <iwonacri.pfb
t2b-iwonacmi IwonaCondMedium-Italic "enciwona-t2b ReEncodeFont" <iwona-t2b.enc <iwonacmi.pfb
t2b-iwonacbi IwonaCond-BoldItalic "enciwona-t2b ReEncodeFont" <iwona-t2b.enc <iwonacbi.pfb
t2b-iwonachi IwonaCondHeavy-Italic "enciwona-t2b ReEncodeFont" <iwona-t2b.enc <iwonachi.pfb
