rm-iwonal IwonaLight-Regular "enciwona-rm ReEncodeFont" <iwona-rm.enc <iwonal.pfb
rm-iwonar Iwona-Regular "enciwona-rm ReEncodeFont" <iwona-rm.enc <iwonar.pfb
rm-iwonam IwonaMedium-Regular "enciwona-rm ReEncodeFont" <iwona-rm.enc <iwonam.pfb
rm-iwonab Iwona-Bold "enciwona-rm ReEncodeFont" <iwona-rm.enc <iwonab.pfb
rm-iwonah IwonaHeavy-Regular "enciwona-rm ReEncodeFont" <iwona-rm.enc <iwonah.pfb
rm-iwonali IwonaLight-Italic "enciwona-rm ReEncodeFont" <iwona-rm.enc <iwonali.pfb
rm-iwonari Iwona-Italic "enciwona-rm ReEncodeFont" <iwona-rm.enc <iwonari.pfb
rm-iwonami IwonaMedium-Italic "enciwona-rm ReEncodeFont" <iwona-rm.enc <iwonami.pfb
rm-iwonabi Iwona-BoldItalic "enciwona-rm ReEncodeFont" <iwona-rm.enc <iwonabi.pfb
rm-iwonahi IwonaHeavy-Italic "enciwona-rm ReEncodeFont" <iwona-rm.enc <iwonahi.pfb
rm-iwonacl IwonaCondLight-Regular "enciwona-rm ReEncodeFont" <iwona-rm.enc <iwonacl.pfb
rm-iwonacr IwonaCond-Regular "enciwona-rm ReEncodeFont" <iwona-rm.enc <iwonacr.pfb
rm-iwonacm IwonaCondMedium-Regular "enciwona-rm ReEncodeFont" <iwona-rm.enc <iwonacm.pfb
rm-iwonacb IwonaCond-Bold "enciwona-rm ReEncodeFont" <iwona-rm.enc <iwonacb.pfb
rm-iwonach IwonaCondHeavy-Regular "enciwona-rm ReEncodeFont" <iwona-rm.enc <iwonach.pfb
rm-iwonacli IwonaCondLight-Italic "enciwona-rm ReEncodeFont" <iwona-rm.enc <iwonacli.pfb
rm-iwonacri IwonaCond-Italic "enciwona-rm ReEncodeFont" <iwona-rm.enc <iwonacri.pfb
rm-iwonacmi IwonaCondMedium-Italic "enciwona-rm ReEncodeFont" <iwona-rm.enc <iwonacmi.pfb
rm-iwonacbi IwonaCond-BoldItalic "enciwona-rm ReEncodeFont" <iwona-rm.enc <iwonacbi.pfb
rm-iwonachi IwonaCondHeavy-Italic "enciwona-rm ReEncodeFont" <iwona-rm.enc <iwonachi.pfb
