cs-iwonal IwonaLight-Regular "enciwona-cs ReEncodeFont" <iwona-cs.enc <iwonal.pfb
cs-iwonar Iwona-Regular "enciwona-cs ReEncodeFont" <iwona-cs.enc <iwonar.pfb
cs-iwonam IwonaMedium-Regular "enciwona-cs ReEncodeFont" <iwona-cs.enc <iwonam.pfb
cs-iwonab Iwona-Bold "enciwona-cs ReEncodeFont" <iwona-cs.enc <iwonab.pfb
cs-iwonah IwonaHeavy-Regular "enciwona-cs ReEncodeFont" <iwona-cs.enc <iwonah.pfb
cs-iwonali IwonaLight-Italic "enciwona-cs ReEncodeFont" <iwona-cs.enc <iwonali.pfb
cs-iwonari Iwona-Italic "enciwona-cs ReEncodeFont" <iwona-cs.enc <iwonari.pfb
cs-iwonami IwonaMedium-Italic "enciwona-cs ReEncodeFont" <iwona-cs.enc <iwonami.pfb
cs-iwonabi Iwona-BoldItalic "enciwona-cs ReEncodeFont" <iwona-cs.enc <iwonabi.pfb
cs-iwonahi IwonaHeavy-Italic "enciwona-cs ReEncodeFont" <iwona-cs.enc <iwonahi.pfb
cs-iwonacl IwonaCondLight-Regular "enciwona-cs ReEncodeFont" <iwona-cs.enc <iwonacl.pfb
cs-iwonacr IwonaCond-Regular "enciwona-cs ReEncodeFont" <iwona-cs.enc <iwonacr.pfb
cs-iwonacm IwonaCondMedium-Regular "enciwona-cs ReEncodeFont" <iwona-cs.enc <iwonacm.pfb
cs-iwonacb IwonaCond-Bold "enciwona-cs ReEncodeFont" <iwona-cs.enc <iwonacb.pfb
cs-iwonach IwonaCondHeavy-Regular "enciwona-cs ReEncodeFont" <iwona-cs.enc <iwonach.pfb
cs-iwonacli IwonaCondLight-Italic "enciwona-cs ReEncodeFont" <iwona-cs.enc <iwonacli.pfb
cs-iwonacri IwonaCond-Italic "enciwona-cs ReEncodeFont" <iwona-cs.enc <iwonacri.pfb
cs-iwonacmi IwonaCondMedium-Italic "enciwona-cs ReEncodeFont" <iwona-cs.enc <iwonacmi.pfb
cs-iwonacbi IwonaCond-BoldItalic "enciwona-cs ReEncodeFont" <iwona-cs.enc <iwonacbi.pfb
cs-iwonachi IwonaCondHeavy-Italic "enciwona-cs ReEncodeFont" <iwona-cs.enc <iwonachi.pfb
cs-iwonalcap IwonaLight-Regular "enciwonacap-cs ReEncodeFont" <iwonacap-cs.enc <iwonal.pfb
cs-iwonarcap Iwona-Regular "enciwonacap-cs ReEncodeFont" <iwonacap-cs.enc <iwonar.pfb
cs-iwonamcap IwonaMedium-Regular "enciwonacap-cs ReEncodeFont" <iwonacap-cs.enc <iwonam.pfb
cs-iwonabcap Iwona-Bold "enciwonacap-cs ReEncodeFont" <iwonacap-cs.enc <iwonab.pfb
cs-iwonahcap IwonaHeavy-Regular "enciwonacap-cs ReEncodeFont" <iwonacap-cs.enc <iwonah.pfb
cs-iwonalicap IwonaLight-Italic "enciwonacap-cs ReEncodeFont" <iwonacap-cs.enc <iwonali.pfb
cs-iwonaricap Iwona-Italic "enciwonacap-cs ReEncodeFont" <iwonacap-cs.enc <iwonari.pfb
cs-iwonamicap IwonaMedium-Italic "enciwonacap-cs ReEncodeFont" <iwonacap-cs.enc <iwonami.pfb
cs-iwonabicap Iwona-BoldItalic "enciwonacap-cs ReEncodeFont" <iwonacap-cs.enc <iwonabi.pfb
cs-iwonahicap IwonaHeavy-Italic "enciwonacap-cs ReEncodeFont" <iwonacap-cs.enc <iwonahi.pfb
cs-iwonaclcap IwonaCondLight-Regular "enciwonacap-cs ReEncodeFont" <iwonacap-cs.enc <iwonacl.pfb
cs-iwonacrcap IwonaCond-Regular "enciwonacap-cs ReEncodeFont" <iwonacap-cs.enc <iwonacr.pfb
cs-iwonacmcap IwonaCondMedium-Regular "enciwonacap-cs ReEncodeFont" <iwonacap-cs.enc <iwonacm.pfb
cs-iwonacbcap IwonaCond-Bold "enciwonacap-cs ReEncodeFont" <iwonacap-cs.enc <iwonacb.pfb
cs-iwonachcap IwonaCondHeavy-Regular "enciwonacap-cs ReEncodeFont" <iwonacap-cs.enc <iwonach.pfb
cs-iwonaclicap IwonaCondLight-Italic "enciwonacap-cs ReEncodeFont" <iwonacap-cs.enc <iwonacli.pfb
cs-iwonacricap IwonaCond-Italic "enciwonacap-cs ReEncodeFont" <iwonacap-cs.enc <iwonacri.pfb
cs-iwonacmicap IwonaCondMedium-Italic "enciwonacap-cs ReEncodeFont" <iwonacap-cs.enc <iwonacmi.pfb
cs-iwonacbicap IwonaCond-BoldItalic "enciwonacap-cs ReEncodeFont" <iwonacap-cs.enc <iwonacbi.pfb
cs-iwonachicap IwonaCondHeavy-Italic "enciwonacap-cs ReEncodeFont" <iwonacap-cs.enc <iwonachi.pfb
