el-iwonal IwonaLight-Regular "enciwona-el ReEncodeFont" <iwona-el.enc <iwonal.pfb
el-iwonar Iwona-Regular "enciwona-el ReEncodeFont" <iwona-el.enc <iwonar.pfb
el-iwonam IwonaMedium-Regular "enciwona-el ReEncodeFont" <iwona-el.enc <iwonam.pfb
el-iwonab Iwona-Bold "enciwona-el ReEncodeFont" <iwona-el.enc <iwonab.pfb
el-iwonah IwonaHeavy-Regular "enciwona-el ReEncodeFont" <iwona-el.enc <iwonah.pfb
el-iwonali IwonaLight-Italic "enciwona-el ReEncodeFont" <iwona-el.enc <iwonali.pfb
el-iwonari Iwona-Italic "enciwona-el ReEncodeFont" <iwona-el.enc <iwonari.pfb
el-iwonami IwonaMedium-Italic "enciwona-el ReEncodeFont" <iwona-el.enc <iwonami.pfb
el-iwonabi Iwona-BoldItalic "enciwona-el ReEncodeFont" <iwona-el.enc <iwonabi.pfb
el-iwonahi IwonaHeavy-Italic "enciwona-el ReEncodeFont" <iwona-el.enc <iwonahi.pfb
el-iwonacl IwonaCondLight-Regular "enciwona-el ReEncodeFont" <iwona-el.enc <iwonacl.pfb
el-iwonacr IwonaCond-Regular "enciwona-el ReEncodeFont" <iwona-el.enc <iwonacr.pfb
el-iwonacm IwonaCondMedium-Regular "enciwona-el ReEncodeFont" <iwona-el.enc <iwonacm.pfb
el-iwonacb IwonaCond-Bold "enciwona-el ReEncodeFont" <iwona-el.enc <iwonacb.pfb
el-iwonach IwonaCondHeavy-Regular "enciwona-el ReEncodeFont" <iwona-el.enc <iwonach.pfb
el-iwonacli IwonaCondLight-Italic "enciwona-el ReEncodeFont" <iwona-el.enc <iwonacli.pfb
el-iwonacri IwonaCond-Italic "enciwona-el ReEncodeFont" <iwona-el.enc <iwonacri.pfb
el-iwonacmi IwonaCondMedium-Italic "enciwona-el ReEncodeFont" <iwona-el.enc <iwonacmi.pfb
el-iwonacbi IwonaCond-BoldItalic "enciwona-el ReEncodeFont" <iwona-el.enc <iwonacbi.pfb
el-iwonachi IwonaCondHeavy-Italic "enciwona-el ReEncodeFont" <iwona-el.enc <iwonachi.pfb
