qx-iwonal IwonaLight-Regular "enciwona-qx ReEncodeFont" <iwona-qx.enc <iwonal.pfb
qx-iwonar Iwona-Regular "enciwona-qx ReEncodeFont" <iwona-qx.enc <iwonar.pfb
qx-iwonam IwonaMedium-Regular "enciwona-qx ReEncodeFont" <iwona-qx.enc <iwonam.pfb
qx-iwonab Iwona-Bold "enciwona-qx ReEncodeFont" <iwona-qx.enc <iwonab.pfb
qx-iwonah IwonaHeavy-Regular "enciwona-qx ReEncodeFont" <iwona-qx.enc <iwonah.pfb
qx-iwonali IwonaLight-Italic "enciwona-qx ReEncodeFont" <iwona-qx.enc <iwonali.pfb
qx-iwonari Iwona-Italic "enciwona-qx ReEncodeFont" <iwona-qx.enc <iwonari.pfb
qx-iwonami IwonaMedium-Italic "enciwona-qx ReEncodeFont" <iwona-qx.enc <iwonami.pfb
qx-iwonabi Iwona-BoldItalic "enciwona-qx ReEncodeFont" <iwona-qx.enc <iwonabi.pfb
qx-iwonahi IwonaHeavy-Italic "enciwona-qx ReEncodeFont" <iwona-qx.enc <iwonahi.pfb
qx-iwonacl IwonaCondLight-Regular "enciwona-qx ReEncodeFont" <iwona-qx.enc <iwonacl.pfb
qx-iwonacr IwonaCond-Regular "enciwona-qx ReEncodeFont" <iwona-qx.enc <iwonacr.pfb
qx-iwonacm IwonaCondMedium-Regular "enciwona-qx ReEncodeFont" <iwona-qx.enc <iwonacm.pfb
qx-iwonacb IwonaCond-Bold "enciwona-qx ReEncodeFont" <iwona-qx.enc <iwonacb.pfb
qx-iwonach IwonaCondHeavy-Regular "enciwona-qx ReEncodeFont" <iwona-qx.enc <iwonach.pfb
qx-iwonacli IwonaCondLight-Italic "enciwona-qx ReEncodeFont" <iwona-qx.enc <iwonacli.pfb
qx-iwonacri IwonaCond-Italic "enciwona-qx ReEncodeFont" <iwona-qx.enc <iwonacri.pfb
qx-iwonacmi IwonaCondMedium-Italic "enciwona-qx ReEncodeFont" <iwona-qx.enc <iwonacmi.pfb
qx-iwonacbi IwonaCond-BoldItalic "enciwona-qx ReEncodeFont" <iwona-qx.enc <iwonacbi.pfb
qx-iwonachi IwonaCondHeavy-Italic "enciwona-qx ReEncodeFont" <iwona-qx.enc <iwonachi.pfb
qx-iwonalcap IwonaLight-Regular "enciwonacap-qx ReEncodeFont" <iwonacap-qx.enc <iwonal.pfb
qx-iwonarcap Iwona-Regular "enciwonacap-qx ReEncodeFont" <iwonacap-qx.enc <iwonar.pfb
qx-iwonamcap IwonaMedium-Regular "enciwonacap-qx ReEncodeFont" <iwonacap-qx.enc <iwonam.pfb
qx-iwonabcap Iwona-Bold "enciwonacap-qx ReEncodeFont" <iwonacap-qx.enc <iwonab.pfb
qx-iwonahcap IwonaHeavy-Regular "enciwonacap-qx ReEncodeFont" <iwonacap-qx.enc <iwonah.pfb
qx-iwonalicap IwonaLight-Italic "enciwonacap-qx ReEncodeFont" <iwonacap-qx.enc <iwonali.pfb
qx-iwonaricap Iwona-Italic "enciwonacap-qx ReEncodeFont" <iwonacap-qx.enc <iwonari.pfb
qx-iwonamicap IwonaMedium-Italic "enciwonacap-qx ReEncodeFont" <iwonacap-qx.enc <iwonami.pfb
qx-iwonabicap Iwona-BoldItalic "enciwonacap-qx ReEncodeFont" <iwonacap-qx.enc <iwonabi.pfb
qx-iwonahicap IwonaHeavy-Italic "enciwonacap-qx ReEncodeFont" <iwonacap-qx.enc <iwonahi.pfb
qx-iwonaclcap IwonaCondLight-Regular "enciwonacap-qx ReEncodeFont" <iwonacap-qx.enc <iwonacl.pfb
qx-iwonacrcap IwonaCond-Regular "enciwonacap-qx ReEncodeFont" <iwonacap-qx.enc <iwonacr.pfb
qx-iwonacmcap IwonaCondMedium-Regular "enciwonacap-qx ReEncodeFont" <iwonacap-qx.enc <iwonacm.pfb
qx-iwonacbcap IwonaCond-Bold "enciwonacap-qx ReEncodeFont" <iwonacap-qx.enc <iwonacb.pfb
qx-iwonachcap IwonaCondHeavy-Regular "enciwonacap-qx ReEncodeFont" <iwonacap-qx.enc <iwonach.pfb
qx-iwonaclicap IwonaCondLight-Italic "enciwonacap-qx ReEncodeFont" <iwonacap-qx.enc <iwonacli.pfb
qx-iwonacricap IwonaCond-Italic "enciwonacap-qx ReEncodeFont" <iwonacap-qx.enc <iwonacri.pfb
qx-iwonacmicap IwonaCondMedium-Italic "enciwonacap-qx ReEncodeFont" <iwonacap-qx.enc <iwonacmi.pfb
qx-iwonacbicap IwonaCond-BoldItalic "enciwonacap-qx ReEncodeFont" <iwonacap-qx.enc <iwonacbi.pfb
qx-iwonachicap IwonaCondHeavy-Italic "enciwonacap-qx ReEncodeFont" <iwonacap-qx.enc <iwonachi.pfb
