t2c-iwonal IwonaLight-Regular "enciwona-t2c ReEncodeFont" <iwona-t2c.enc <iwonal.pfb
t2c-iwonar Iwona-Regular "enciwona-t2c ReEncodeFont" <iwona-t2c.enc <iwonar.pfb
t2c-iwonam IwonaMedium-Regular "enciwona-t2c ReEncodeFont" <iwona-t2c.enc <iwonam.pfb
t2c-iwonab Iwona-Bold "enciwona-t2c ReEncodeFont" <iwona-t2c.enc <iwonab.pfb
t2c-iwonah IwonaHeavy-Regular "enciwona-t2c ReEncodeFont" <iwona-t2c.enc <iwonah.pfb
t2c-iwonali IwonaLight-Italic "enciwona-t2c ReEncodeFont" <iwona-t2c.enc <iwonali.pfb
t2c-iwonari Iwona-Italic "enciwona-t2c ReEncodeFont" <iwona-t2c.enc <iwonari.pfb
t2c-iwonami IwonaMedium-Italic "enciwona-t2c ReEncodeFont" <iwona-t2c.enc <iwonami.pfb
t2c-iwonabi Iwona-BoldItalic "enciwona-t2c ReEncodeFont" <iwona-t2c.enc <iwonabi.pfb
t2c-iwonahi IwonaHeavy-Italic "enciwona-t2c ReEncodeFont" <iwona-t2c.enc <iwonahi.pfb
t2c-iwonacl IwonaCondLight-Regular "enciwona-t2c ReEncodeFont" <iwona-t2c.enc <iwonacl.pfb
t2c-iwonacr IwonaCond-Regular "enciwona-t2c ReEncodeFont" <iwona-t2c.enc <iwonacr.pfb
t2c-iwonacm IwonaCondMedium-Regular "enciwona-t2c ReEncodeFont" <iwona-t2c.enc <iwonacm.pfb
t2c-iwonacb IwonaCond-Bold "enciwona-t2c ReEncodeFont" <iwona-t2c.enc <iwonacb.pfb
t2c-iwonach IwonaCondHeavy-Regular "enciwona-t2c ReEncodeFont" <iwona-t2c.enc <iwonach.pfb
t2c-iwonacli IwonaCondLight-Italic "enciwona-t2c ReEncodeFont" <iwona-t2c.enc <iwonacli.pfb
t2c-iwonacri IwonaCond-Italic "enciwona-t2c ReEncodeFont" <iwona-t2c.enc <iwonacri.pfb
t2c-iwonacmi IwonaCondMedium-Italic "enciwona-t2c ReEncodeFont" <iwona-t2c.enc <iwonacmi.pfb
t2c-iwonacbi IwonaCond-BoldItalic "enciwona-t2c ReEncodeFont" <iwona-t2c.enc <iwonacbi.pfb
t2c-iwonachi IwonaCondHeavy-Italic "enciwona-t2c ReEncodeFont" <iwona-t2c.enc <iwonachi.pfb
