greek-iwonal IwonaLight-Regular "enciwona-greek ReEncodeFont" <iwona-greek.enc <iwonal.pfb
greek-iwonar Iwona-Regular "enciwona-greek ReEncodeFont" <iwona-greek.enc <iwonar.pfb
greek-iwonam IwonaMedium-Regular "enciwona-greek ReEncodeFont" <iwona-greek.enc <iwonam.pfb
greek-iwonab Iwona-Bold "enciwona-greek ReEncodeFont" <iwona-greek.enc <iwonab.pfb
greek-iwonah IwonaHeavy-Regular "enciwona-greek ReEncodeFont" <iwona-greek.enc <iwonah.pfb
greek-iwonali IwonaLight-Italic "enciwona-greek ReEncodeFont" <iwona-greek.enc <iwonali.pfb
greek-iwonari Iwona-Italic "enciwona-greek ReEncodeFont" <iwona-greek.enc <iwonari.pfb
greek-iwonami IwonaMedium-Italic "enciwona-greek ReEncodeFont" <iwona-greek.enc <iwonami.pfb
greek-iwonabi Iwona-BoldItalic "enciwona-greek ReEncodeFont" <iwona-greek.enc <iwonabi.pfb
greek-iwonahi IwonaHeavy-Italic "enciwona-greek ReEncodeFont" <iwona-greek.enc <iwonahi.pfb
greek-iwonacl IwonaCondLight-Regular "enciwona-greek ReEncodeFont" <iwona-greek.enc <iwonacl.pfb
greek-iwonacr IwonaCond-Regular "enciwona-greek ReEncodeFont" <iwona-greek.enc <iwonacr.pfb
greek-iwonacm IwonaCondMedium-Regular "enciwona-greek ReEncodeFont" <iwona-greek.enc <iwonacm.pfb
greek-iwonacb IwonaCond-Bold "enciwona-greek ReEncodeFont" <iwona-greek.enc <iwonacb.pfb
greek-iwonach IwonaCondHeavy-Regular "enciwona-greek ReEncodeFont" <iwona-greek.enc <iwonach.pfb
greek-iwonacli IwonaCondLight-Italic "enciwona-greek ReEncodeFont" <iwona-greek.enc <iwonacli.pfb
greek-iwonacri IwonaCond-Italic "enciwona-greek ReEncodeFont" <iwona-greek.enc <iwonacri.pfb
greek-iwonacmi IwonaCondMedium-Italic "enciwona-greek ReEncodeFont" <iwona-greek.enc <iwonacmi.pfb
greek-iwonacbi IwonaCond-BoldItalic "enciwona-greek ReEncodeFont" <iwona-greek.enc <iwonacbi.pfb
greek-iwonachi IwonaCondHeavy-Italic "enciwona-greek ReEncodeFont" <iwona-greek.enc <iwonachi.pfb
