t5-iwonal IwonaLight-Regular "enciwona-t5 ReEncodeFont" <iwona-t5.enc <iwonal.pfb
t5-iwonar Iwona-Regular "enciwona-t5 ReEncodeFont" <iwona-t5.enc <iwonar.pfb
t5-iwonam IwonaMedium-Regular "enciwona-t5 ReEncodeFont" <iwona-t5.enc <iwonam.pfb
t5-iwonab Iwona-Bold "enciwona-t5 ReEncodeFont" <iwona-t5.enc <iwonab.pfb
t5-iwonah IwonaHeavy-Regular "enciwona-t5 ReEncodeFont" <iwona-t5.enc <iwonah.pfb
t5-iwonali IwonaLight-Italic "enciwona-t5 ReEncodeFont" <iwona-t5.enc <iwonali.pfb
t5-iwonari Iwona-Italic "enciwona-t5 ReEncodeFont" <iwona-t5.enc <iwonari.pfb
t5-iwonami IwonaMedium-Italic "enciwona-t5 ReEncodeFont" <iwona-t5.enc <iwonami.pfb
t5-iwonabi Iwona-BoldItalic "enciwona-t5 ReEncodeFont" <iwona-t5.enc <iwonabi.pfb
t5-iwonahi IwonaHeavy-Italic "enciwona-t5 ReEncodeFont" <iwona-t5.enc <iwonahi.pfb
t5-iwonacl IwonaCondLight-Regular "enciwona-t5 ReEncodeFont" <iwona-t5.enc <iwonacl.pfb
t5-iwonacr IwonaCond-Regular "enciwona-t5 ReEncodeFont" <iwona-t5.enc <iwonacr.pfb
t5-iwonacm IwonaCondMedium-Regular "enciwona-t5 ReEncodeFont" <iwona-t5.enc <iwonacm.pfb
t5-iwonacb IwonaCond-Bold "enciwona-t5 ReEncodeFont" <iwona-t5.enc <iwonacb.pfb
t5-iwonach IwonaCondHeavy-Regular "enciwona-t5 ReEncodeFont" <iwona-t5.enc <iwonach.pfb
t5-iwonacli IwonaCondLight-Italic "enciwona-t5 ReEncodeFont" <iwona-t5.enc <iwonacli.pfb
t5-iwonacri IwonaCond-Italic "enciwona-t5 ReEncodeFont" <iwona-t5.enc <iwonacri.pfb
t5-iwonacmi IwonaCondMedium-Italic "enciwona-t5 ReEncodeFont" <iwona-t5.enc <iwonacmi.pfb
t5-iwonacbi IwonaCond-BoldItalic "enciwona-t5 ReEncodeFont" <iwona-t5.enc <iwonacbi.pfb
t5-iwonachi IwonaCondHeavy-Italic "enciwona-t5 ReEncodeFont" <iwona-t5.enc <iwonachi.pfb
t5-iwonalcap IwonaLight-Regular "enciwonacap-t5 ReEncodeFont" <iwonacap-t5.enc <iwonal.pfb
t5-iwonarcap Iwona-Regular "enciwonacap-t5 ReEncodeFont" <iwonacap-t5.enc <iwonar.pfb
t5-iwonamcap IwonaMedium-Regular "enciwonacap-t5 ReEncodeFont" <iwonacap-t5.enc <iwonam.pfb
t5-iwonabcap Iwona-Bold "enciwonacap-t5 ReEncodeFont" <iwonacap-t5.enc <iwonab.pfb
t5-iwonahcap IwonaHeavy-Regular "enciwonacap-t5 ReEncodeFont" <iwonacap-t5.enc <iwonah.pfb
t5-iwonalicap IwonaLight-Italic "enciwonacap-t5 ReEncodeFont" <iwonacap-t5.enc <iwonali.pfb
t5-iwonaricap Iwona-Italic "enciwonacap-t5 ReEncodeFont" <iwonacap-t5.enc <iwonari.pfb
t5-iwonamicap IwonaMedium-Italic "enciwonacap-t5 ReEncodeFont" <iwonacap-t5.enc <iwonami.pfb
t5-iwonabicap Iwona-BoldItalic "enciwonacap-t5 ReEncodeFont" <iwonacap-t5.enc <iwonabi.pfb
t5-iwonahicap IwonaHeavy-Italic "enciwonacap-t5 ReEncodeFont" <iwonacap-t5.enc <iwonahi.pfb
t5-iwonaclcap IwonaCondLight-Regular "enciwonacap-t5 ReEncodeFont" <iwonacap-t5.enc <iwonacl.pfb
t5-iwonacrcap IwonaCond-Regular "enciwonacap-t5 ReEncodeFont" <iwonacap-t5.enc <iwonacr.pfb
t5-iwonacmcap IwonaCondMedium-Regular "enciwonacap-t5 ReEncodeFont" <iwonacap-t5.enc <iwonacm.pfb
t5-iwonacbcap IwonaCond-Bold "enciwonacap-t5 ReEncodeFont" <iwonacap-t5.enc <iwonacb.pfb
t5-iwonachcap IwonaCondHeavy-Regular "enciwonacap-t5 ReEncodeFont" <iwonacap-t5.enc <iwonach.pfb
t5-iwonaclicap IwonaCondLight-Italic "enciwonacap-t5 ReEncodeFont" <iwonacap-t5.enc <iwonacli.pfb
t5-iwonacricap IwonaCond-Italic "enciwonacap-t5 ReEncodeFont" <iwonacap-t5.enc <iwonacri.pfb
t5-iwonacmicap IwonaCondMedium-Italic "enciwonacap-t5 ReEncodeFont" <iwonacap-t5.enc <iwonacmi.pfb
t5-iwonacbicap IwonaCond-BoldItalic "enciwonacap-t5 ReEncodeFont" <iwonacap-t5.enc <iwonacbi.pfb
t5-iwonachicap IwonaCondHeavy-Italic "enciwonacap-t5 ReEncodeFont" <iwonacap-t5.enc <iwonachi.pfb
